Archive member included to satisfy reference by file (symbol)

/opt/gcc-arm-none-eabi-10.3-2021.10/arm-none-eabi/lib/thumb/v7e-m+fp/hard/libc_nano.a(lib_a-exit.o)
                              /opt/gcc-arm-none-eabi-10.3-2021.10/bin/../lib/gcc/arm-none-eabi/10.3.1/../../../../arm-none-eabi/lib/thumb/v7e-m+fp/hard/crt0.o (exit)
/opt/gcc-arm-none-eabi-10.3-2021.10/arm-none-eabi/lib/thumb/v7e-m+fp/hard/libc_nano.a(lib_a-impure.o)
                              /opt/gcc-arm-none-eabi-10.3-2021.10/arm-none-eabi/lib/thumb/v7e-m+fp/hard/libc_nano.a(lib_a-exit.o) (_global_impure_ptr)
/opt/gcc-arm-none-eabi-10.3-2021.10/arm-none-eabi/lib/thumb/v7e-m+fp/hard/libc_nano.a(lib_a-init.o)
                              /opt/gcc-arm-none-eabi-10.3-2021.10/bin/../lib/gcc/arm-none-eabi/10.3.1/../../../../arm-none-eabi/lib/thumb/v7e-m+fp/hard/crt0.o (__libc_init_array)
/opt/gcc-arm-none-eabi-10.3-2021.10/arm-none-eabi/lib/thumb/v7e-m+fp/hard/libc_nano.a(lib_a-memset.o)
                              /opt/gcc-arm-none-eabi-10.3-2021.10/bin/../lib/gcc/arm-none-eabi/10.3.1/../../../../arm-none-eabi/lib/thumb/v7e-m+fp/hard/crt0.o (memset)
/opt/gcc-arm-none-eabi-10.3-2021.10/arm-none-eabi/lib/thumb/v7e-m+fp/hard/libc_nano.a(lib_a-nano-vfprintf_float.o)
                              (_printf_float)
/opt/gcc-arm-none-eabi-10.3-2021.10/arm-none-eabi/lib/thumb/v7e-m+fp/hard/libc_nano.a(lib_a-nano-vfprintf_i.o)
                              /opt/gcc-arm-none-eabi-10.3-2021.10/arm-none-eabi/lib/thumb/v7e-m+fp/hard/libc_nano.a(lib_a-nano-vfprintf_float.o) (_printf_common)
/opt/gcc-arm-none-eabi-10.3-2021.10/arm-none-eabi/lib/thumb/v7e-m+fp/hard/libc_nano.a(lib_a-nano-vfscanf_float.o)
                              (_scanf_float)
/opt/gcc-arm-none-eabi-10.3-2021.10/arm-none-eabi/lib/thumb/v7e-m+fp/hard/libc_nano.a(lib_a-printf.o)
                              /home/tony/workdir/stm32_rtthread_cpp_hal_lib_projector/output/bootloader/main.o (symbol from plugin) (printf)
/opt/gcc-arm-none-eabi-10.3-2021.10/arm-none-eabi/lib/thumb/v7e-m+fp/hard/libc_nano.a(lib_a-sf_nan.o)
                              /opt/gcc-arm-none-eabi-10.3-2021.10/arm-none-eabi/lib/thumb/v7e-m+fp/hard/libc_nano.a(lib_a-nano-vfscanf_float.o) (nanf)
/opt/gcc-arm-none-eabi-10.3-2021.10/arm-none-eabi/lib/thumb/v7e-m+fp/hard/libc_nano.a(lib_a-sprintf.o)
                              /opt/gcc-arm-none-eabi-10.3-2021.10/arm-none-eabi/lib/thumb/v7e-m+fp/hard/libc_nano.a(lib_a-nano-vfscanf_float.o) (sprintf)
/opt/gcc-arm-none-eabi-10.3-2021.10/arm-none-eabi/lib/thumb/v7e-m+fp/hard/libc_nano.a(lib_a-strlen.o)
                              /opt/gcc-arm-none-eabi-10.3-2021.10/arm-none-eabi/lib/thumb/v7e-m+fp/hard/libc_nano.a(lib_a-nano-vfprintf_float.o) (strlen)
/opt/gcc-arm-none-eabi-10.3-2021.10/arm-none-eabi/lib/thumb/v7e-m+fp/hard/libc_nano.a(lib_a-strtod.o)
                              /opt/gcc-arm-none-eabi-10.3-2021.10/arm-none-eabi/lib/thumb/v7e-m+fp/hard/libc_nano.a(lib_a-nano-vfscanf_float.o) (_strtod_r)
/opt/gcc-arm-none-eabi-10.3-2021.10/arm-none-eabi/lib/thumb/v7e-m+fp/hard/libc_nano.a(lib_a-strtol.o)
                              /opt/gcc-arm-none-eabi-10.3-2021.10/arm-none-eabi/lib/thumb/v7e-m+fp/hard/libc_nano.a(lib_a-nano-vfscanf_float.o) (_strtol_r)
/opt/gcc-arm-none-eabi-10.3-2021.10/arm-none-eabi/lib/thumb/v7e-m+fp/hard/libc_nano.a(lib_a-ctype_.o)
                              /opt/gcc-arm-none-eabi-10.3-2021.10/arm-none-eabi/lib/thumb/v7e-m+fp/hard/libc_nano.a(lib_a-strtol.o) (_ctype_)
/opt/gcc-arm-none-eabi-10.3-2021.10/arm-none-eabi/lib/thumb/v7e-m+fp/hard/libc_nano.a(lib_a-dtoa.o)
                              /opt/gcc-arm-none-eabi-10.3-2021.10/arm-none-eabi/lib/thumb/v7e-m+fp/hard/libc_nano.a(lib_a-nano-vfprintf_float.o) (_dtoa_r)
/opt/gcc-arm-none-eabi-10.3-2021.10/arm-none-eabi/lib/thumb/v7e-m+fp/hard/libc_nano.a(lib_a-errno.o)
                              /opt/gcc-arm-none-eabi-10.3-2021.10/arm-none-eabi/lib/thumb/v7e-m+fp/hard/libc_nano.a(lib_a-strtol.o) (__errno)
/opt/gcc-arm-none-eabi-10.3-2021.10/arm-none-eabi/lib/thumb/v7e-m+fp/hard/libc_nano.a(lib_a-findfp.o)
                              /opt/gcc-arm-none-eabi-10.3-2021.10/arm-none-eabi/lib/thumb/v7e-m+fp/hard/libc_nano.a(lib_a-printf.o) (__sinit)
/opt/gcc-arm-none-eabi-10.3-2021.10/arm-none-eabi/lib/thumb/v7e-m+fp/hard/libc_nano.a(lib_a-fwalk.o)
                              /opt/gcc-arm-none-eabi-10.3-2021.10/arm-none-eabi/lib/thumb/v7e-m+fp/hard/libc_nano.a(lib_a-findfp.o) (_fwalk)
/opt/gcc-arm-none-eabi-10.3-2021.10/arm-none-eabi/lib/thumb/v7e-m+fp/hard/libc_nano.a(lib_a-gdtoa-gethex.o)
                              /opt/gcc-arm-none-eabi-10.3-2021.10/arm-none-eabi/lib/thumb/v7e-m+fp/hard/libc_nano.a(lib_a-strtod.o) (__gethex)
/opt/gcc-arm-none-eabi-10.3-2021.10/arm-none-eabi/lib/thumb/v7e-m+fp/hard/libc_nano.a(lib_a-gdtoa-hexnan.o)
                              /opt/gcc-arm-none-eabi-10.3-2021.10/arm-none-eabi/lib/thumb/v7e-m+fp/hard/libc_nano.a(lib_a-strtod.o) (__match)
[...]
Memory Configuration

Name             Origin             Length             Attributes
DTCMRAM          0x0000000020000000 0x0000000000020000 xrw
ITCMRAM          0x0000000000000000 0x0000000000010000 xrw
RAM_D1           0x0000000024000000 0x0000000000080000 xrw
RAM_D2           0x0000000030000000 0x0000000000048000 xrw
RAM_D3           0x0000000038000000 0x0000000000010000 xrw
FLASH            0x0000000008000000 0x0000000000020000 xr
*default*        0x0000000000000000 0xffffffffffffffff

Linker script and memory map

LOAD /opt/gcc-arm-none-eabi-10.3-2021.10/bin/../lib/gcc/arm-none-eabi/10.3.1/thumb/v7e-m+fp/hard/crti.o
LOAD /opt/gcc-arm-none-eabi-10.3-2021.10/bin/../lib/gcc/arm-none-eabi/10.3.1/thumb/v7e-m+fp/hard/crtbegin.o
LOAD /opt/gcc-arm-none-eabi-10.3-2021.10/bin/../lib/gcc/arm-none-eabi/10.3.1/../../../../arm-none-eabi/lib/thumb/v7e-m+fp/hard/crt0.o
LOAD /home/tony/workdir/stm32_rtthread_cpp_hal_lib_projector/output/bootloader/startup_stm32h750xx.o
LOAD /home/tony/workdir/stm32_rtthread_cpp_hal_lib_projector/output/bootloader/stm32h7xx_it.o
LOAD /tmp/STM32H7_BOOT.elf.eFsPK8.ltrans0.ltrans.o
LOAD /home/tony/workdir/stm32_rtthread_cpp_hal_lib_projector/output/bootloader/system_stm32h7xx.o
LOAD /home/tony/workdir/stm32_rtthread_cpp_hal_lib_projector/output/bootloader/mpu.o
LOAD /home/tony/workdir/stm32_rtthread_cpp_hal_lib_projector/output/bootloader/flash.o
LOAD /home/tony/workdir/stm32_rtthread_cpp_hal_lib_projector/output/bootloader/delay.o
LOAD /home/tony/workdir/stm32_rtthread_cpp_hal_lib_projector/output/bootloader/sys.o
LOAD /home/tony/workdir/stm32_rtthread_cpp_hal_lib_projector/output/bootloader/usart.o
LOAD /home/tony/workdir/stm32_rtthread_cpp_hal_lib_projector/output/bootloader/stm32h7xx_hal_wwdg.o
LOAD /home/tony/workdir/stm32_rtthread_cpp_hal_lib_projector/output/bootloader/stm32h7xx_hal_rng.o
LOAD /home/tony/workdir/stm32_rtthread_cpp_hal_lib_projector/output/bootloader/stm32h7xx_hal_pssi.o
LOAD /home/tony/workdir/stm32_rtthread_cpp_hal_lib_projector/output/bootloader/stm32h7xx_hal_cortex.o
LOAD /home/tony/workdir/stm32_rtthread_cpp_hal_lib_projector/output/bootloader/stm32h7xx_hal_smbus_ex.o
LOAD /home/tony/workdir/stm32_rtthread_cpp_hal_lib_projector/output/bootloader/stm32h7xx_hal_dcmi.o
LOAD /home/tony/workdir/stm32_rtthread_cpp_hal_lib_projector/output/bootloader/stm32h7xx_hal_hcd.o
LOAD /home/tony/workdir/stm32_rtthread_cpp_hal_lib_projector/output/bootloader/stm32h7xx_hal_sdram.o
LOAD /home/tony/workdir/stm32_rtthread_cpp_hal_lib_projector/output/bootloader/stm32h7xx_hal_dma2d.o
LOAD /home/tony/workdir/stm32_rtthread_cpp_hal_lib_projector/output/bootloader/stm32h7xx_ll_rtc.o
LOAD /home/tony/workdir/stm32_rtthread_cpp_hal_lib_projector/output/bootloader/stm32h7xx_ll_pwr.o
LOAD /home/tony/workdir/stm32_rtthread_cpp_hal_lib_projector/output/bootloader/stm32h7xx_hal_mmc.o
LOAD /home/tony/workdir/stm32_rtthread_cpp_hal_lib_projector/output/bootloader/stm32h7xx_ll_gpio.o
LOAD /home/tony/workdir/stm32_rtthread_cpp_hal_lib_projector/output/bootloader/stm32h7xx_hal_tim_ex.o
LOAD /home/tony/workdir/stm32_rtthread_cpp_hal_lib_projector/output/bootloader/stm32h7xx_ll_i2c.o
LOAD /home/tony/workdir/stm32_rtthread_cpp_hal_lib_projector/output/bootloader/stm32h7xx_ll_crc.o
LOAD /home/tony/workdir/stm32_rtthread_cpp_hal_lib_projector/output/bootloader/stm32h7xx_hal_exti.o
LOAD /home/tony/workdir/stm32_rtthread_cpp_hal_lib_projector/output/bootloader/stm32h7xx_hal_smartcard_ex.o
LOAD /home/tony/workdir/stm32_rtthread_cpp_hal_lib_projector/output/bootloader/stm32h7xx_hal_rng_ex.o
LOAD /home/tony/workdir/stm32_rtthread_cpp_hal_lib_projector/output/bootloader/stm32h7xx_hal_dac_ex.o
LOAD /home/tony/workdir/stm32_rtthread_cpp_hal_lib_projector/output/bootloader/stm32h7xx_ll_fmc.o
LOAD /home/tony/workdir/stm32_rtthread_cpp_hal_lib_projector/output/bootloader/stm32h7xx_ll_rcc.o
LOAD /home/tony/workdir/stm32_rtthread_cpp_hal_lib_projector/output/bootloader/stm32h7xx_hal_dfsdm.o
LOAD /home/tony/workdir/stm32_rtthread_cpp_hal_lib_projector/output/bootloader/stm32h7xx_hal_uart_ex.o
LOAD /home/tony/workdir/stm32_rtthread_cpp_hal_lib_projector/output/bootloader/stm32h7xx_ll_cordic.o
LOAD /home/tony/workdir/stm32_rtthread_cpp_hal_lib_projector/output/bootloader/stm32h7xx_hal_spi_ex.o
LOAD /home/tony/workdir/stm32_rtthread_cpp_hal_lib_projector/output/bootloader/stm32h7xx_hal_mdios.o
LOAD /home/tony/workdir/stm32_rtthread_cpp_hal_lib_projector/output/bootloader/stm32h7xx_ll_crs.o
LOAD /home/tony/workdir/stm32_rtthread_cpp_hal_lib_projector/output/bootloader/stm32h7xx_hal_spdifrx.o
LOAD /home/tony/workdir/stm32_rtthread_cpp_hal_lib_projector/output/bootloader/stm32h7xx_ll_usart.o
LOAD /home/tony/workdir/stm32_rtthread_cpp_hal_lib_projector/output/bootloader/stm32h7xx_hal_ramecc.o
LOAD /home/tony/workdir/stm32_rtthread_cpp_hal_lib_projector/output/bootloader/stm32h7xx_hal_rtc.o
LOAD /home/tony/workdir/stm32_rtthread_cpp_hal_lib_projector/output/bootloader/stm32h7xx_hal_pwr.o
LOAD /home/tony/workdir/stm32_rtthread_cpp_hal_lib_projector/output/bootloader/stm32h7xx_hal_flash.o
LOAD /home/tony/workdir/stm32_rtthread_cpp_hal_lib_projector/output/bootloader/stm32h7xx_hal_iwdg.o
LOAD /home/tony/workdir/stm32_rtthread_cpp_hal_lib_projector/output/bootloader/stm32h7xx_hal_i2c.o
LOAD /home/tony/workdir/stm32_rtthread_cpp_hal_lib_projector/output/bootloader/stm32h7xx_hal_i2s_ex.o
LOAD /home/tony/workdir/stm32_rtthread_cpp_hal_lib_projector/output/bootloader/stm32h7xx_hal_spi.o
LOAD /home/tony/workdir/stm32_rtthread_cpp_hal_lib_projector/output/bootloader/stm32h7xx_hal_eth.o
LOAD /home/tony/workdir/stm32_rtthread_cpp_hal_lib_projector/output/bootloader/stm32h7xx_ll_lpuart.o
LOAD /home/tony/workdir/stm32_rtthread_cpp_hal_lib_projector/output/bootloader/stm32h7xx_hal_sd.o
LOAD /home/tony/workdir/stm32_rtthread_cpp_hal_lib_projector/output/bootloader/stm32h7xx_hal_rcc.o
LOAD /home/tony/workdir/stm32_rtthread_cpp_hal_lib_projector/output/bootloader/stm32h7xx_hal_opamp.o
LOAD /home/tony/workdir/stm32_rtthread_cpp_hal_lib_projector/output/bootloader/stm32h7xx_hal_ltdc.o
LOAD /home/tony/workdir/stm32_rtthread_cpp_hal_lib_projector/output/bootloader/stm32h7xx_ll_swpmi.o
LOAD /home/tony/workdir/stm32_rtthread_cpp_hal_lib_projector/output/bootloader/stm32h7xx_ll_adc.o
LOAD /home/tony/workdir/stm32_rtthread_cpp_hal_lib_projector/output/bootloader/stm32h7xx_hal_cordic.o
LOAD /home/tony/workdir/stm32_rtthread_cpp_hal_lib_projector/output/bootloader/stm32h7xx_hal_pwr_ex.o
LOAD /home/tony/workdir/stm32_rtthread_cpp_hal_lib_projector/output/bootloader/stm32h7xx_hal_pcd_ex.o
LOAD /home/tony/workdir/stm32_rtthread_cpp_hal_lib_projector/output/bootloader/stm32h7xx_hal_dac.o
LOAD /home/tony/workdir/stm32_rtthread_cpp_hal_lib_projector/output/bootloader/stm32h7xx_hal_opamp_ex.o
LOAD /home/tony/workdir/stm32_rtthread_cpp_hal_lib_projector/output/bootloader/stm32h7xx_hal_crc.o
LOAD /home/tony/workdir/stm32_rtthread_cpp_hal_lib_projector/output/bootloader/stm32h7xx_hal_usart.o
LOAD /home/tony/workdir/stm32_rtthread_cpp_hal_lib_projector/output/bootloader/stm32h7xx_hal_dsi.o
LOAD /home/tony/workdir/stm32_rtthread_cpp_hal_lib_projector/output/bootloader/stm32h7xx_hal_flash_ex.o
LOAD /home/tony/workdir/stm32_rtthread_cpp_hal_lib_projector/output/bootloader/stm32h7xx_hal_tim.o
LOAD /home/tony/workdir/stm32_rtthread_cpp_hal_lib_projector/output/bootloader/stm32h7xx_hal_sd_ex.o
LOAD /home/tony/workdir/stm32_rtthread_cpp_hal_lib_projector/output/bootloader/stm32h7xx_hal_fdcan.o
LOAD /home/tony/workdir/stm32_rtthread_cpp_hal_lib_projector/output/bootloader/stm32h7xx_hal_rcc_ex.o
LOAD /home/tony/workdir/stm32_rtthread_cpp_hal_lib_projector/output/bootloader/stm32h7xx_hal_comp.o
LOAD /home/tony/workdir/stm32_rtthread_cpp_hal_lib_projector/output/bootloader/stm32h7xx_hal_ltdc_ex.o
LOAD /home/tony/workdir/stm32_rtthread_cpp_hal_lib_projector/output/bootloader/stm32h7xx_hal_hrtim.o
LOAD /home/tony/workdir/stm32_rtthread_cpp_hal_lib_projector/output/bootloader/stm32h7xx_hal_cryp.o
LOAD /home/tony/workdir/stm32_rtthread_cpp_hal_lib_projector/output/bootloader/stm32h7xx_ll_dma.o
LOAD /home/tony/workdir/stm32_rtthread_cpp_hal_lib_projector/output/bootloader/stm32h7xx_hal_otfdec.o
LOAD /home/tony/workdir/stm32_rtthread_cpp_hal_lib_projector/output/bootloader/stm32h7xx_hal_pcd.o
LOAD /home/tony/workdir/stm32_rtthread_cpp_hal_lib_projector/output/bootloader/stm32h7xx_hal_rtc_ex.o
LOAD /home/tony/workdir/stm32_rtthread_cpp_hal_lib_projector/output/bootloader/stm32h7xx_hal_crc_ex.o
LOAD /home/tony/workdir/stm32_rtthread_cpp_hal_lib_projector/output/bootloader/stm32h7xx_hal_usart_ex.o
LOAD /home/tony/workdir/stm32_rtthread_cpp_hal_lib_projector/output/bootloader/stm32h7xx_ll_dac.o
LOAD /home/tony/workdir/stm32_rtthread_cpp_hal_lib_projector/output/bootloader/stm32h7xx_hal_swpmi.o
LOAD /home/tony/workdir/stm32_rtthread_cpp_hal_lib_projector/output/bootloader/stm32h7xx_hal_adc.o
LOAD /home/tony/workdir/stm32_rtthread_cpp_hal_lib_projector/output/bootloader/stm32h7xx_ll_opamp.o
LOAD /home/tony/workdir/stm32_rtthread_cpp_hal_lib_projector/output/bootloader/stm32h7xx_hal_ospi.o
LOAD /home/tony/workdir/stm32_rtthread_cpp_hal_lib_projector/output/bootloader/stm32h7xx_hal_jpeg.o
LOAD /home/tony/workdir/stm32_rtthread_cpp_hal_lib_projector/output/bootloader/stm32h7xx_hal_lptim.o
LOAD /home/tony/workdir/stm32_rtthread_cpp_hal_lib_projector/output/bootloader/stm32h7xx_ll_utils.o
LOAD /home/tony/workdir/stm32_rtthread_cpp_hal_lib_projector/output/bootloader/stm32h7xx_hal_gfxmmu.o
LOAD /home/tony/workdir/stm32_rtthread_cpp_hal_lib_projector/output/bootloader/stm32h7xx_hal_sai.o
LOAD /home/tony/workdir/stm32_rtthread_cpp_hal_lib_projector/output/bootloader/stm32h7xx_hal_cryp_ex.o
LOAD /home/tony/workdir/stm32_rtthread_cpp_hal_lib_projector/output/bootloader/stm32h7xx_ll_mdma.o
LOAD /home/tony/workdir/stm32_rtthread_cpp_hal_lib_projector/output/bootloader/stm32h7xx_hal_hash.o
LOAD /home/tony/workdir/stm32_rtthread_cpp_hal_lib_projector/output/bootloader/stm32h7xx_hal.o
LOAD /home/tony/workdir/stm32_rtthread_cpp_hal_lib_projector/output/bootloader/stm32h7xx_ll_delayblock.o
LOAD /home/tony/workdir/stm32_rtthread_cpp_hal_lib_projector/output/bootloader/stm32h7xx_ll_fmac.o
LOAD /home/tony/workdir/stm32_rtthread_cpp_hal_lib_projector/output/bootloader/stm32h7xx_hal_eth_ex.o
LOAD /home/tony/workdir/stm32_rtthread_cpp_hal_lib_projector/output/bootloader/stm32h7xx_hal_dts.o
LOAD /home/tony/workdir/stm32_rtthread_cpp_hal_lib_projector/output/bootloader/stm32h7xx_hal_adc_ex.o
LOAD /home/tony/workdir/stm32_rtthread_cpp_hal_lib_projector/output/bootloader/stm32h7xx_hal_mmc_ex.o
LOAD /home/tony/workdir/stm32_rtthread_cpp_hal_lib_projector/output/bootloader/stm32h7xx_hal_mdma.o
LOAD /home/tony/workdir/stm32_rtthread_cpp_hal_lib_projector/output/bootloader/stm32h7xx_hal_dma.o
LOAD /home/tony/workdir/stm32_rtthread_cpp_hal_lib_projector/output/bootloader/stm32h7xx_hal_gpio.o
LOAD /home/tony/workdir/stm32_rtthread_cpp_hal_lib_projector/output/bootloader/stm32h7xx_ll_sdmmc.o
LOAD /home/tony/workdir/stm32_rtthread_cpp_hal_lib_projector/output/bootloader/stm32h7xx_hal_sai_ex.o
LOAD /home/tony/workdir/stm32_rtthread_cpp_hal_lib_projector/output/bootloader/stm32h7xx_hal_i2s.o
LOAD /home/tony/workdir/stm32_rtthread_cpp_hal_lib_projector/output/bootloader/stm32h7xx_hal_nand.o
LOAD /home/tony/workdir/stm32_rtthread_cpp_hal_lib_projector/output/bootloader/stm32h7xx_hal_qspi.o
LOAD /home/tony/workdir/stm32_rtthread_cpp_hal_lib_projector/output/bootloader/stm32h7xx_hal_hash_ex.o
LOAD /home/tony/workdir/stm32_rtthread_cpp_hal_lib_projector/output/bootloader/stm32h7xx_hal_uart.o
LOAD /home/tony/workdir/stm32_rtthread_cpp_hal_lib_projector/output/bootloader/stm32h7xx_ll_rng.o
LOAD /home/tony/workdir/stm32_rtthread_cpp_hal_lib_projector/output/bootloader/stm32h7xx_hal_dma_ex.o
LOAD /home/tony/workdir/stm32_rtthread_cpp_hal_lib_projector/output/bootloader/stm32h7xx_hal_sram.o
LOAD /home/tony/workdir/stm32_rtthread_cpp_hal_lib_projector/output/bootloader/stm32h7xx_ll_bdma.o
LOAD /home/tony/workdir/stm32_rtthread_cpp_hal_lib_projector/output/bootloader/stm32h7xx_hal_i2c_ex.o
LOAD /home/tony/workdir/stm32_rtthread_cpp_hal_lib_projector/output/bootloader/stm32h7xx_hal_fmac.o
LOAD /home/tony/workdir/stm32_rtthread_cpp_hal_lib_projector/output/bootloader/stm32h7xx_ll_tim.o
LOAD /home/tony/workdir/stm32_rtthread_cpp_hal_lib_projector/output/bootloader/stm32h7xx_hal_hsem.o
LOAD /home/tony/workdir/stm32_rtthread_cpp_hal_lib_projector/output/bootloader/stm32h7xx_ll_hrtim.o
LOAD /home/tony/workdir/stm32_rtthread_cpp_hal_lib_projector/output/bootloader/stm32h7xx_ll_dma2d.o
LOAD /home/tony/workdir/stm32_rtthread_cpp_hal_lib_projector/output/bootloader/stm32h7xx_hal_dfsdm_ex.o
LOAD /home/tony/workdir/stm32_rtthread_cpp_hal_lib_projector/output/bootloader/stm32h7xx_ll_lptim.o
LOAD /home/tony/workdir/stm32_rtthread_cpp_hal_lib_projector/output/bootloader/stm32h7xx_ll_spi.o
LOAD /home/tony/workdir/stm32_rtthread_cpp_hal_lib_projector/output/bootloader/stm32h7xx_hal_cec.o
LOAD /home/tony/workdir/stm32_rtthread_cpp_hal_lib_projector/output/bootloader/stm32h7xx_ll_comp.o
LOAD /home/tony/workdir/stm32_rtthread_cpp_hal_lib_projector/output/bootloader/stm32h7xx_hal_smbus.o
LOAD /home/tony/workdir/stm32_rtthread_cpp_hal_lib_projector/output/bootloader/stm32h7xx_ll_exti.o
LOAD /home/tony/workdir/stm32_rtthread_cpp_hal_lib_projector/output/bootloader/stm32h7xx_hal_nor.o
LOAD /home/tony/workdir/stm32_rtthread_cpp_hal_lib_projector/output/bootloader/stm32h7xx_hal_irda.o
LOAD /home/tony/workdir/stm32_rtthread_cpp_hal_lib_projector/output/bootloader/stm32h7xx_ll_usb.o
LOAD /home/tony/workdir/stm32_rtthread_cpp_hal_lib_projector/output/bootloader/stm32h7xx_hal_smartcard.o
LOAD /home/tony/workdir/stm32_rtthread_cpp_hal_lib_projector/output/bootloader/main.o
LOAD /opt/gcc-arm-none-eabi-10.3-2021.10/arm-none-eabi/lib/thumb/v7e-m+fp/hard/libc_nano.a
LOAD /opt/gcc-arm-none-eabi-10.3-2021.10/arm-none-eabi/lib/thumb/v7e-m+fp/hard/libm.a
LOAD /opt/gcc-arm-none-eabi-10.3-2021.10/arm-none-eabi/lib/thumb/v7e-m+fp/hard/libstdc++_nano.a
LOAD /opt/gcc-arm-none-eabi-10.3-2021.10/arm-none-eabi/lib/thumb/v7e-m+fp/hard/libnosys.a
                0x0000000008032000                _app_flash_origin = 0x8032000
                0x00000000001ce000                _app_flash_len = 0x1ce000
START GROUP
LOAD /opt/gcc-arm-none-eabi-10.3-2021.10/bin/../lib/gcc/arm-none-eabi/10.3.1/thumb/v7e-m+fp/hard/libgcc.a
LOAD /opt/gcc-arm-none-eabi-10.3-2021.10/arm-none-eabi/lib/thumb/v7e-m+fp/hard/libc_nano.a
END GROUP
START GROUP
LOAD /opt/gcc-arm-none-eabi-10.3-2021.10/bin/../lib/gcc/arm-none-eabi/10.3.1/thumb/v7e-m+fp/hard/libgcc.a
LOAD /opt/gcc-arm-none-eabi-10.3-2021.10/arm-none-eabi/lib/thumb/v7e-m+fp/hard/libc_nano.a
LOAD /opt/gcc-arm-none-eabi-10.3-2021.10/arm-none-eabi/lib/thumb/v7e-m+fp/hard/libnosys.a
END GROUP
START GROUP
LOAD /opt/gcc-arm-none-eabi-10.3-2021.10/bin/../lib/gcc/arm-none-eabi/10.3.1/thumb/v7e-m+fp/hard/libgcc.a
LOAD /opt/gcc-arm-none-eabi-10.3-2021.10/arm-none-eabi/lib/thumb/v7e-m+fp/hard/libc_nano.a
LOAD /opt/gcc-arm-none-eabi-10.3-2021.10/arm-none-eabi/lib/thumb/v7e-m+fp/hard/libnosys.a
END GROUP
LOAD /opt/gcc-arm-none-eabi-10.3-2021.10/bin/../lib/gcc/arm-none-eabi/10.3.1/thumb/v7e-m+fp/hard/crtend.o
LOAD /opt/gcc-arm-none-eabi-10.3-2021.10/bin/../lib/gcc/arm-none-eabi/10.3.1/thumb/v7e-m+fp/hard/crtn.o
                0x0000000024080000                _estack = (ORIGIN (RAM_D1) + LENGTH (RAM_D1))
                0x0000000000000200                _Min_Heap_Size = 0x200
                0x0000000000000400                _Min_Stack_Size = 0x400

.isr_vector     0x0000000008000000      0x298
                0x0000000008000000                . = ALIGN (0x4)
 *(.isr_vector)
 .isr_vector    0x0000000008000000      0x298 /home/tony/workdir/stm32_rtthread_cpp_hal_lib_projector/output/bootloader/startup_stm32h750xx.o
                0x0000000008000000                g_pfnVectors
                0x0000000008000298                . = ALIGN (0x4)

.text           0x00000000080002a0     0x9e70
                0x00000000080002a0                . = ALIGN (0x4)
 *(.text)
 .text          0x00000000080002a0       0x40 /opt/gcc-arm-none-eabi-10.3-2021.10/bin/../lib/gcc/arm-none-eabi/10.3.1/thumb/v7e-m+fp/hard/crtbegin.o
 .text          0x00000000080002e0     0x4598 /tmp/STM32H7_BOOT.elf.eFsPK8.ltrans0.ltrans.o
                0x0000000008004604                NMI_Handler
                0x0000000008004606                HardFault_Handler
                0x0000000008004608                MemManage_Handler
                0x000000000800460a                BusFault_Handler
                0x000000000800460c                UsageFault_Handler
                0x000000000800460e                SVC_Handler
                0x0000000008004610                DebugMon_Handler
                0x0000000008004612                PendSV_Handler
                0x0000000008004614                SysTick_Handler
                0x000000000800461c                SystemInit
                0x0000000008004690                _read
                0x00000000080046b8                _write
                0x00000000080046e0                USART1_IRQHandler
                0x0000000008004710                main
 .text          0x0000000008004878       0x10 /opt/gcc-arm-none-eabi-10.3-2021.10/arm-none-eabi/lib/thumb/v7e-m+fp/hard/libc_nano.a(lib_a-strlen.o)
                0x0000000008004878                strlen
 *fill*         0x0000000008004888        0x8 
 .text          0x0000000008004890       0xa0 /opt/gcc-arm-none-eabi-10.3-2021.10/arm-none-eabi/lib/thumb/v7e-m+fp/hard/libc_nano.a(lib_a-memchr.o)
                0x0000000008004890                memchr
 .text          0x0000000008004930      0x378 /opt/gcc-arm-none-eabi-10.3-2021.10/bin/../lib/gcc/arm-none-eabi/10.3.1/thumb/v7e-m+fp/hard/libgcc.a(_arm_addsubdf3.o)
                0x0000000008004930                __aeabi_drsub
                0x0000000008004938                __aeabi_dsub
                0x0000000008004938                __subdf3
                0x000000000800493c                __adddf3
                0x000000000800493c                __aeabi_dadd
                0x0000000008004bb4                __aeabi_ui2d
                0x0000000008004bb4                __floatunsidf
                0x0000000008004bd4                __floatsidf
                0x0000000008004bd4                __aeabi_i2d
                0x0000000008004bf8                __extendsfdf2
                0x0000000008004bf8                __aeabi_f2d
                0x0000000008004c3c                __aeabi_ul2d
                0x0000000008004c3c                __floatundidf
                0x0000000008004c4c                __floatdidf
                0x0000000008004c4c                __aeabi_l2d
 .text          0x0000000008004ca8      0x424 /opt/gcc-arm-none-eabi-10.3-2021.10/bin/../lib/gcc/arm-none-eabi/10.3.1/thumb/v7e-m+fp/hard/libgcc.a(_arm_muldivdf3.o)
                0x0000000008004ca8                __aeabi_dmul
                0x0000000008004ca8                __muldf3
                0x0000000008004efc                __aeabi_ddiv
                0x0000000008004efc                __divdf3
 .text          0x00000000080050cc      0x110 /opt/gcc-arm-none-eabi-10.3-2021.10/bin/../lib/gcc/arm-none-eabi/10.3.1/thumb/v7e-m+fp/hard/libgcc.a(_arm_cmpdf2.o)
                0x00000000080050cc                __gtdf2
                0x00000000080050cc                __gedf2
                0x00000000080050d4                __ltdf2
                0x00000000080050d4                __ledf2
                0x00000000080050dc                __cmpdf2
                0x00000000080050dc                __eqdf2
                0x00000000080050dc                __nedf2
                0x0000000008005158                __aeabi_cdrcmple
                0x0000000008005168                __aeabi_cdcmple
                0x0000000008005168                __aeabi_cdcmpeq
                0x0000000008005178                __aeabi_dcmpeq
                0x000000000800518c                __aeabi_dcmplt
                0x00000000080051a0                __aeabi_dcmple
                0x00000000080051b4                __aeabi_dcmpge
                0x00000000080051c8                __aeabi_dcmpgt
 .text          0x00000000080051dc       0x2c /opt/gcc-arm-none-eabi-10.3-2021.10/bin/../lib/gcc/arm-none-eabi/10.3.1/thumb/v7e-m+fp/hard/libgcc.a(_arm_unorddf2.o)
                0x00000000080051dc                __aeabi_dcmpun
                0x00000000080051dc                __unorddf2
 .text          0x0000000008005208       0x50 /opt/gcc-arm-none-eabi-10.3-2021.10/bin/../lib/gcc/arm-none-eabi/10.3.1/thumb/v7e-m+fp/hard/libgcc.a(_arm_fixdfsi.o)
                0x0000000008005208                __fixdfsi
                0x0000000008005208                __aeabi_d2iz
 .text          0x0000000008005258       0x40 /opt/gcc-arm-none-eabi-10.3-2021.10/bin/../lib/gcc/arm-none-eabi/10.3.1/thumb/v7e-m+fp/hard/libgcc.a(_arm_fixunsdfsi.o)
                0x0000000008005258                __fixunsdfsi
                0x0000000008005258                __aeabi_d2uiz
 .text          0x0000000008005298       0xa0 /opt/gcc-arm-none-eabi-10.3-2021.10/bin/../lib/gcc/arm-none-eabi/10.3.1/thumb/v7e-m+fp/hard/libgcc.a(_arm_truncdfsf2.o)
                0x0000000008005298                __aeabi_d2f
                0x0000000008005298                __truncdfsf2
 .text          0x0000000008005338       0x30 /opt/gcc-arm-none-eabi-10.3-2021.10/bin/../lib/gcc/arm-none-eabi/10.3.1/thumb/v7e-m+fp/hard/libgcc.a(_fixdfdi.o)
                0x0000000008005338                __aeabi_d2lz
                0x0000000008005338                __fixdfdi
 .text          0x0000000008005368       0x3c /opt/gcc-arm-none-eabi-10.3-2021.10/bin/../lib/gcc/arm-none-eabi/10.3.1/thumb/v7e-m+fp/hard/libgcc.a(_fixunsdfdi.o)
                0x0000000008005368                __aeabi_d2ulz
                0x0000000008005368                __fixunsdfdi
 .text          0x00000000080053a4       0x30 /opt/gcc-arm-none-eabi-10.3-2021.10/bin/../lib/gcc/arm-none-eabi/10.3.1/thumb/v7e-m+fp/hard/libgcc.a(_aeabi_uldivmod.o)
                0x00000000080053a4                __aeabi_uldivmod
 .text          0x00000000080053d4      0x2d0 /opt/gcc-arm-none-eabi-10.3-2021.10/bin/../lib/gcc/arm-none-eabi/10.3.1/thumb/v7e-m+fp/hard/libgcc.a(_udivmoddi4.o)
                0x00000000080053d4                __udivmoddi4
 .text          0x00000000080056a4        0x4 /opt/gcc-arm-none-eabi-10.3-2021.10/bin/../lib/gcc/arm-none-eabi/10.3.1/thumb/v7e-m+fp/hard/libgcc.a(_dvmd_tls.o)
                0x00000000080056a4                __aeabi_ldiv0
                0x00000000080056a4                __aeabi_idiv0
 *(.text*)
 .text.Reset_Handler
                0x00000000080056a8       0x50 /home/tony/workdir/stm32_rtthread_cpp_hal_lib_projector/output/bootloader/startup_stm32h750xx.o
                0x00000000080056a8                Reset_Handler
 .text.Default_Handler
                0x00000000080056f8        0x2 /home/tony/workdir/stm32_rtthread_cpp_hal_lib_projector/output/bootloader/startup_stm32h750xx.o
                0x00000000080056f8                RTC_Alarm_IRQHandler
                0x00000000080056f8                HASH_RNG_IRQHandler
                0x00000000080056f8                EXTI2_IRQHandler
                0x00000000080056f8                TIM8_CC_IRQHandler
                0x00000000080056f8                HRTIM1_Master_IRQHandler
                0x00000000080056f8                UART8_IRQHandler
                0x00000000080056f8                SPI4_IRQHandler
                0x00000000080056f8                TIM1_CC_IRQHandler
                0x00000000080056f8                BDMA_Channel6_IRQHandler
                0x00000000080056f8                DMA2_Stream5_IRQHandler
                0x00000000080056f8                HRTIM1_FLT_IRQHandler
                0x00000000080056f8                JPEG_IRQHandler
                0x00000000080056f8                DMA1_Stream5_IRQHandler
                0x00000000080056f8                BDMA_Channel1_IRQHandler
                0x00000000080056f8                HRTIM1_TIMD_IRQHandler
                0x00000000080056f8                TAMP_STAMP_IRQHandler
                0x00000000080056f8                EXTI3_IRQHandler
                0x00000000080056f8                LPTIM4_IRQHandler
                0x00000000080056f8                TIM8_TRG_COM_TIM14_IRQHandler
                0x00000000080056f8                LPTIM2_IRQHandler
                0x00000000080056f8                DFSDM1_FLT1_IRQHandler
                0x00000000080056f8                DMAMUX2_OVR_IRQHandler
                0x00000000080056f8                TIM8_UP_TIM13_IRQHandler
                0x00000000080056f8                I2C3_ER_IRQHandler
                0x00000000080056f8                DFSDM1_FLT2_IRQHandler
                0x00000000080056f8                MDMA_IRQHandler
                0x00000000080056f8                LPTIM3_IRQHandler
                0x00000000080056f8                HSEM1_IRQHandler
                0x00000000080056f8                EXTI0_IRQHandler
                0x00000000080056f8                I2C2_EV_IRQHandler
                0x00000000080056f8                DMA1_Stream2_IRQHandler
                0x00000000080056f8                FPU_IRQHandler
                0x00000000080056f8                OTG_HS_WKUP_IRQHandler
                0x00000000080056f8                FDCAN1_IT1_IRQHandler
                0x00000000080056f8                LTDC_ER_IRQHandler
                0x00000000080056f8                DMA2_Stream2_IRQHandler
                0x00000000080056f8                HRTIM1_TIME_IRQHandler
                0x00000000080056f8                SPI1_IRQHandler
                0x00000000080056f8                TIM6_DAC_IRQHandler
                0x00000000080056f8                DCMI_IRQHandler
                0x00000000080056f8                HRTIM1_TIMC_IRQHandler
                0x00000000080056f8                DMA2_Stream3_IRQHandler
                0x00000000080056f8                SAI2_IRQHandler
                0x00000000080056f8                DFSDM1_FLT3_IRQHandler
                0x00000000080056f8                USART6_IRQHandler
                0x00000000080056f8                TIM17_IRQHandler
                0x00000000080056f8                USART3_IRQHandler
                0x00000000080056f8                BDMA_Channel7_IRQHandler
                0x00000000080056f8                CRYP_IRQHandler
                0x00000000080056f8                LPTIM5_IRQHandler
                0x00000000080056f8                UART5_IRQHandler
                0x00000000080056f8                ADC3_IRQHandler
                0x00000000080056f8                DMA2_Stream0_IRQHandler
                0x00000000080056f8                TIM4_IRQHandler
                0x00000000080056f8                BDMA_Channel2_IRQHandler
                0x00000000080056f8                QUADSPI_IRQHandler
                0x00000000080056f8                I2C1_EV_IRQHandler
                0x00000000080056f8                DMA1_Stream6_IRQHandler
                0x00000000080056f8                DMAMUX1_OVR_IRQHandler
                0x00000000080056f8                DMA1_Stream1_IRQHandler
                0x00000000080056f8                TIM16_IRQHandler
                0x00000000080056f8                UART4_IRQHandler
                0x00000000080056f8                BDMA_Channel5_IRQHandler
                0x00000000080056f8                TIM3_IRQHandler
                0x00000000080056f8                RCC_IRQHandler
                0x00000000080056f8                TIM8_BRK_TIM12_IRQHandler
                0x00000000080056f8                TIM1_TRG_COM_IRQHandler
                0x00000000080056f8                Default_Handler
                0x00000000080056f8                ECC_IRQHandler
                0x00000000080056f8                CEC_IRQHandler
                0x00000000080056f8                EXTI15_10_IRQHandler
                0x00000000080056f8                BDMA_Channel0_IRQHandler
                0x00000000080056f8                ADC_IRQHandler
                0x00000000080056f8                DMA1_Stream7_IRQHandler
                0x00000000080056f8                HRTIM1_TIMA_IRQHandler
                0x00000000080056f8                SPI5_IRQHandler
                0x00000000080056f8                TIM7_IRQHandler
                0x00000000080056f8                SDMMC1_IRQHandler
                0x00000000080056f8                TIM5_IRQHandler
                0x00000000080056f8                DMA2_Stream7_IRQHandler
                0x00000000080056f8                TIM15_IRQHandler
                0x00000000080056f8                PVD_AVD_IRQHandler
                0x00000000080056f8                I2C3_EV_IRQHandler
                0x00000000080056f8                EXTI9_5_IRQHandler
                0x00000000080056f8                RTC_WKUP_IRQHandler
                0x00000000080056f8                LTDC_IRQHandler
                0x00000000080056f8                SAI3_IRQHandler
                0x00000000080056f8                ETH_WKUP_IRQHandler
                0x00000000080056f8                SPDIF_RX_IRQHandler
                0x00000000080056f8                SPI2_IRQHandler
                0x00000000080056f8                OTG_HS_EP1_IN_IRQHandler
                0x00000000080056f8                DMA1_Stream0_IRQHandler
                0x00000000080056f8                CRS_IRQHandler
                0x00000000080056f8                EXTI4_IRQHandler
                0x00000000080056f8                HRTIM1_TIMB_IRQHandler
                0x00000000080056f8                FDCAN2_IT1_IRQHandler
                0x00000000080056f8                ETH_IRQHandler
                0x00000000080056f8                TIM1_UP_IRQHandler
                0x00000000080056f8                BDMA_Channel4_IRQHandler
                0x00000000080056f8                OTG_HS_EP1_OUT_IRQHandler
                0x00000000080056f8                WWDG_IRQHandler
                0x00000000080056f8                SPI6_IRQHandler
                0x00000000080056f8                MDIOS_IRQHandler
                0x00000000080056f8                I2C4_EV_IRQHandler
                0x00000000080056f8                FDCAN2_IT0_IRQHandler
                0x00000000080056f8                LPUART1_IRQHandler
                0x00000000080056f8                FDCAN1_IT0_IRQHandler
                0x00000000080056f8                TIM2_IRQHandler
                0x00000000080056f8                OTG_FS_WKUP_IRQHandler
                0x00000000080056f8                OTG_HS_IRQHandler
                0x00000000080056f8                DMA2D_IRQHandler
                0x00000000080056f8                TIM1_BRK_IRQHandler
                0x00000000080056f8                EXTI1_IRQHandler
                0x00000000080056f8                SDMMC2_IRQHandler
                0x00000000080056f8                OTG_FS_EP1_OUT_IRQHandler
                0x00000000080056f8                BDMA_Channel3_IRQHandler
                0x00000000080056f8                UART7_IRQHandler
                0x00000000080056f8                MDIOS_WKUP_IRQHandler
                0x00000000080056f8                USART2_IRQHandler
                0x00000000080056f8                DFSDM1_FLT0_IRQHandler
                0x00000000080056f8                SAI4_IRQHandler
                0x00000000080056f8                I2C2_ER_IRQHandler
                0x00000000080056f8                DMA2_Stream1_IRQHandler
                0x00000000080056f8                FLASH_IRQHandler
                0x00000000080056f8                DMA2_Stream4_IRQHandler
                0x00000000080056f8                OTG_FS_IRQHandler
                0x00000000080056f8                SPI3_IRQHandler
                0x00000000080056f8                WAKEUP_PIN_IRQHandler
                0x00000000080056f8                DMA1_Stream4_IRQHandler
                0x00000000080056f8                OTG_FS_EP1_IN_IRQHandler
                0x00000000080056f8                I2C1_ER_IRQHandler
                0x00000000080056f8                FMC_IRQHandler
                0x00000000080056f8                FDCAN_CAL_IRQHandler
                0x00000000080056f8                SWPMI1_IRQHandler
                0x00000000080056f8                COMP1_IRQHandler
                0x00000000080056f8                LPTIM1_IRQHandler
                0x00000000080056f8                I2C4_ER_IRQHandler
                0x00000000080056f8                DMA2_Stream6_IRQHandler
                0x00000000080056f8                SAI1_IRQHandler
                0x00000000080056f8                DMA1_Stream3_IRQHandler
 *fill*         0x00000000080056fa        0x2 
 .text.__libc_init_array
                0x00000000080056fc       0x48 /opt/gcc-arm-none-eabi-10.3-2021.10/arm-none-eabi/lib/thumb/v7e-m+fp/hard/libc_nano.a(lib_a-init.o)
                0x00000000080056fc                __libc_init_array
 .text.memset   0x0000000008005744       0x10 /opt/gcc-arm-none-eabi-10.3-2021.10/arm-none-eabi/lib/thumb/v7e-m+fp/hard/libc_nano.a(lib_a-memset.o)
                0x0000000008005744                memset
 .text.__cvt    0x0000000008005754       0xc4 /opt/gcc-arm-none-eabi-10.3-2021.10/arm-none-eabi/lib/thumb/v7e-m+fp/hard/libc_nano.a(lib_a-nano-vfprintf_float.o)
                0x0000000008005754                __cvt
 .text.__exponent
                0x0000000008005818       0x7c /opt/gcc-arm-none-eabi-10.3-2021.10/arm-none-eabi/lib/thumb/v7e-m+fp/hard/libc_nano.a(lib_a-nano-vfprintf_float.o)
                0x0000000008005818                __exponent
 .text._printf_float
                0x0000000008005894      0x46c /opt/gcc-arm-none-eabi-10.3-2021.10/arm-none-eabi/lib/thumb/v7e-m+fp/hard/libc_nano.a(lib_a-nano-vfprintf_float.o)
                0x0000000008005894                _printf_float
 .text._printf_common
                0x0000000008005d00       0xda /opt/gcc-arm-none-eabi-10.3-2021.10/arm-none-eabi/lib/thumb/v7e-m+fp/hard/libc_nano.a(lib_a-nano-vfprintf_i.o)
                0x0000000008005d00                _printf_common
 *fill*         0x0000000008005dda        0x2 
 .text._printf_i
                0x0000000008005ddc      0x24c /opt/gcc-arm-none-eabi-10.3-2021.10/arm-none-eabi/lib/thumb/v7e-m+fp/hard/libc_nano.a(lib_a-nano-vfprintf_i.o)
                0x0000000008005ddc                _printf_i
 .text._scanf_float
                0x0000000008006028      0x420 /opt/gcc-arm-none-eabi-10.3-2021.10/arm-none-eabi/lib/thumb/v7e-m+fp/hard/libc_nano.a(lib_a-nano-vfscanf_float.o)
                0x0000000008006028                _scanf_float
 .text.printf   0x0000000008006448       0x30 /opt/gcc-arm-none-eabi-10.3-2021.10/arm-none-eabi/lib/thumb/v7e-m+fp/hard/libc_nano.a(lib_a-printf.o)
                0x0000000008006448                printf
                0x0000000008006448                iprintf
 .text.nanf     0x0000000008006478        0xc /opt/gcc-arm-none-eabi-10.3-2021.10/arm-none-eabi/lib/thumb/v7e-m+fp/hard/libc_nano.a(lib_a-sf_nan.o)
                0x0000000008006478                nanf
 .text.sprintf  0x0000000008006484       0x40 /opt/gcc-arm-none-eabi-10.3-2021.10/arm-none-eabi/lib/thumb/v7e-m+fp/hard/libc_nano.a(lib_a-sprintf.o)
                0x0000000008006484                sprintf
                0x0000000008006484                siprintf
 .text.sulp     0x00000000080064c4       0x38 /opt/gcc-arm-none-eabi-10.3-2021.10/arm-none-eabi/lib/thumb/v7e-m+fp/hard/libc_nano.a(lib_a-strtod.o)
 *fill*         0x00000000080064fc        0x4 
 .text._strtod_l
                0x0000000008006500      0xc0c /opt/gcc-arm-none-eabi-10.3-2021.10/arm-none-eabi/lib/thumb/v7e-m+fp/hard/libc_nano.a(lib_a-strtod.o)
                0x0000000008006500                _strtod_l
 .text._strtod_r
                0x000000000800710c        0xc /opt/gcc-arm-none-eabi-10.3-2021.10/arm-none-eabi/lib/thumb/v7e-m+fp/hard/libc_nano.a(lib_a-strtod.o)
                0x000000000800710c                _strtod_r
 .text._strtol_l.constprop.0
                0x0000000008007118      0x104 /opt/gcc-arm-none-eabi-10.3-2021.10/arm-none-eabi/lib/thumb/v7e-m+fp/hard/libc_nano.a(lib_a-strtol.o)
 .text._strtol_r
                0x000000000800721c        0x4 /opt/gcc-arm-none-eabi-10.3-2021.10/arm-none-eabi/lib/thumb/v7e-m+fp/hard/libc_nano.a(lib_a-strtol.o)
                0x000000000800721c                _strtol_r
 .text.quorem   0x0000000008007220      0x116 /opt/gcc-arm-none-eabi-10.3-2021.10/arm-none-eabi/lib/thumb/v7e-m+fp/hard/libc_nano.a(lib_a-dtoa.o)
 *fill*         0x0000000008007336        0x2 
 .text._dtoa_r  0x0000000008007338      0xbdc /opt/gcc-arm-none-eabi-10.3-2021.10/arm-none-eabi/lib/thumb/v7e-m+fp/hard/libc_nano.a(lib_a-dtoa.o)
                0x0000000008007338                _dtoa_r
 .text.__errno  0x0000000008007f14        0xc /opt/gcc-arm-none-eabi-10.3-2021.10/arm-none-eabi/lib/thumb/v7e-m+fp/hard/libc_nano.a(lib_a-errno.o)
                0x0000000008007f14                __errno
 .text.std      0x0000000008007f20       0x48 /opt/gcc-arm-none-eabi-10.3-2021.10/arm-none-eabi/lib/thumb/v7e-m+fp/hard/libc_nano.a(lib_a-findfp.o)
 .text._cleanup_r
                0x0000000008007f68        0xc /opt/gcc-arm-none-eabi-10.3-2021.10/arm-none-eabi/lib/thumb/v7e-m+fp/hard/libc_nano.a(lib_a-findfp.o)
                0x0000000008007f68                _cleanup_r
 .text.__sfmoreglue
                0x0000000008007f74       0x2c /opt/gcc-arm-none-eabi-10.3-2021.10/arm-none-eabi/lib/thumb/v7e-m+fp/hard/libc_nano.a(lib_a-findfp.o)
                0x0000000008007f74                __sfmoreglue
 .text.__sfp_lock_acquire
                0x0000000008007fa0        0xc /opt/gcc-arm-none-eabi-10.3-2021.10/arm-none-eabi/lib/thumb/v7e-m+fp/hard/libc_nano.a(lib_a-findfp.o)
                0x0000000008007fa0                __sfp_lock_acquire
 .text.__sfp_lock_release
                0x0000000008007fac        0xc /opt/gcc-arm-none-eabi-10.3-2021.10/arm-none-eabi/lib/thumb/v7e-m+fp/hard/libc_nano.a(lib_a-findfp.o)
                0x0000000008007fac                __sfp_lock_release
 .text.__sinit_lock_acquire
                0x0000000008007fb8        0xc /opt/gcc-arm-none-eabi-10.3-2021.10/arm-none-eabi/lib/thumb/v7e-m+fp/hard/libc_nano.a(lib_a-findfp.o)
                0x0000000008007fb8                __sinit_lock_acquire
 .text.__sinit_lock_release
                0x0000000008007fc4        0xc /opt/gcc-arm-none-eabi-10.3-2021.10/arm-none-eabi/lib/thumb/v7e-m+fp/hard/libc_nano.a(lib_a-findfp.o)
                0x0000000008007fc4                __sinit_lock_release
 .text.__sinit  0x0000000008007fd0       0x70 /opt/gcc-arm-none-eabi-10.3-2021.10/arm-none-eabi/lib/thumb/v7e-m+fp/hard/libc_nano.a(lib_a-findfp.o)
                0x0000000008007fd0                __sinit
 .text.__sfp    0x0000000008008040       0x8c /opt/gcc-arm-none-eabi-10.3-2021.10/arm-none-eabi/lib/thumb/v7e-m+fp/hard/libc_nano.a(lib_a-findfp.o)
                0x0000000008008040                __sfp
 .text._fwalk_reent
                0x00000000080080cc       0x3e /opt/gcc-arm-none-eabi-10.3-2021.10/arm-none-eabi/lib/thumb/v7e-m+fp/hard/libc_nano.a(lib_a-fwalk.o)
                0x00000000080080cc                _fwalk_reent
 .text.rshift   0x000000000800810a       0xa4 /opt/gcc-arm-none-eabi-10.3-2021.10/arm-none-eabi/lib/thumb/v7e-m+fp/hard/libc_nano.a(lib_a-gdtoa-gethex.o)
 .text.__hexdig_fun
                0x00000000080081ae       0x2a /opt/gcc-arm-none-eabi-10.3-2021.10/arm-none-eabi/lib/thumb/v7e-m+fp/hard/libc_nano.a(lib_a-gdtoa-gethex.o)
                0x00000000080081ae                __hexdig_fun
 .text.__gethex
                0x00000000080081d8      0x48c /opt/gcc-arm-none-eabi-10.3-2021.10/arm-none-eabi/lib/thumb/v7e-m+fp/hard/libc_nano.a(lib_a-gdtoa-gethex.o)
                0x00000000080081d8                __gethex
 .text.L_shift  0x0000000008008664       0x24 /opt/gcc-arm-none-eabi-10.3-2021.10/arm-none-eabi/lib/thumb/v7e-m+fp/hard/libc_nano.a(lib_a-gdtoa-hexnan.o)
 .text.__match  0x0000000008008688       0x28 /opt/gcc-arm-none-eabi-10.3-2021.10/arm-none-eabi/lib/thumb/v7e-m+fp/hard/libc_nano.a(lib_a-gdtoa-hexnan.o)
                0x0000000008008688                __match
 .text.__hexnan
                0x00000000080086b0      0x138 /opt/gcc-arm-none-eabi-10.3-2021.10/arm-none-eabi/lib/thumb/v7e-m+fp/hard/libc_nano.a(lib_a-gdtoa-hexnan.o)
                0x00000000080086b0                __hexnan
 .text._localeconv_r
                0x00000000080087e8        0x8 /opt/gcc-arm-none-eabi-10.3-2021.10/arm-none-eabi/lib/thumb/v7e-m+fp/hard/libc_nano.a(lib_a-localeconv.o)
                0x00000000080087e8                _localeconv_r
 .text.__retarget_lock_init_recursive
                0x00000000080087f0        0x2 /opt/gcc-arm-none-eabi-10.3-2021.10/arm-none-eabi/lib/thumb/v7e-m+fp/hard/libc_nano.a(lib_a-lock.o)
                0x00000000080087f0                __retarget_lock_init_recursive
 .text.__retarget_lock_acquire_recursive
                0x00000000080087f2        0x2 /opt/gcc-arm-none-eabi-10.3-2021.10/arm-none-eabi/lib/thumb/v7e-m+fp/hard/libc_nano.a(lib_a-lock.o)
                0x00000000080087f2                __retarget_lock_acquire_recursive
 .text.__retarget_lock_release_recursive
                0x00000000080087f4        0x2 /opt/gcc-arm-none-eabi-10.3-2021.10/arm-none-eabi/lib/thumb/v7e-m+fp/hard/libc_nano.a(lib_a-lock.o)
                0x00000000080087f4                __retarget_lock_release_recursive
 *fill*         0x00000000080087f6        0x2 
 .text.malloc   0x00000000080087f8       0x10 /opt/gcc-arm-none-eabi-10.3-2021.10/arm-none-eabi/lib/thumb/v7e-m+fp/hard/libc_nano.a(lib_a-malloc.o)
                0x00000000080087f8                malloc
 .text.__ascii_mbtowc
                0x0000000008008808       0x24 /opt/gcc-arm-none-eabi-10.3-2021.10/arm-none-eabi/lib/thumb/v7e-m+fp/hard/libc_nano.a(lib_a-mbtowc_r.o)
                0x0000000008008808                __ascii_mbtowc
 .text.memcpy   0x000000000800882c       0x1c /opt/gcc-arm-none-eabi-10.3-2021.10/arm-none-eabi/lib/thumb/v7e-m+fp/hard/libc_nano.a(lib_a-memcpy-stub.o)
                0x000000000800882c                memcpy
 .text._Balloc  0x0000000008008848       0x80 /opt/gcc-arm-none-eabi-10.3-2021.10/arm-none-eabi/lib/thumb/v7e-m+fp/hard/libc_nano.a(lib_a-mprec.o)
                0x0000000008008848                _Balloc
 .text._Bfree   0x00000000080088c8       0x44 /opt/gcc-arm-none-eabi-10.3-2021.10/arm-none-eabi/lib/thumb/v7e-m+fp/hard/libc_nano.a(lib_a-mprec.o)
                0x00000000080088c8                _Bfree
 .text.__multadd
                0x000000000800890c       0x8c /opt/gcc-arm-none-eabi-10.3-2021.10/arm-none-eabi/lib/thumb/v7e-m+fp/hard/libc_nano.a(lib_a-mprec.o)
                0x000000000800890c                __multadd
 .text.__s2b    0x0000000008008998       0x94 /opt/gcc-arm-none-eabi-10.3-2021.10/arm-none-eabi/lib/thumb/v7e-m+fp/hard/libc_nano.a(lib_a-mprec.o)
                0x0000000008008998                __s2b
 .text.__hi0bits
                0x0000000008008a2c       0x40 /opt/gcc-arm-none-eabi-10.3-2021.10/arm-none-eabi/lib/thumb/v7e-m+fp/hard/libc_nano.a(lib_a-mprec.o)
                0x0000000008008a2c                __hi0bits
 .text.__lo0bits
                0x0000000008008a6c       0x5e /opt/gcc-arm-none-eabi-10.3-2021.10/arm-none-eabi/lib/thumb/v7e-m+fp/hard/libc_nano.a(lib_a-mprec.o)
                0x0000000008008a6c                __lo0bits
 *fill*         0x0000000008008aca        0x2 
 .text.__i2b    0x0000000008008acc       0x2c /opt/gcc-arm-none-eabi-10.3-2021.10/arm-none-eabi/lib/thumb/v7e-m+fp/hard/libc_nano.a(lib_a-mprec.o)
                0x0000000008008acc                __i2b
 .text.__multiply
                0x0000000008008af8      0x154 /opt/gcc-arm-none-eabi-10.3-2021.10/arm-none-eabi/lib/thumb/v7e-m+fp/hard/libc_nano.a(lib_a-mprec.o)
                0x0000000008008af8                __multiply
 .text.__pow5mult
                0x0000000008008c4c       0xb4 /opt/gcc-arm-none-eabi-10.3-2021.10/arm-none-eabi/lib/thumb/v7e-m+fp/hard/libc_nano.a(lib_a-mprec.o)
                0x0000000008008c4c                __pow5mult
 .text.__lshift
                0x0000000008008d00       0xe0 /opt/gcc-arm-none-eabi-10.3-2021.10/arm-none-eabi/lib/thumb/v7e-m+fp/hard/libc_nano.a(lib_a-mprec.o)
                0x0000000008008d00                __lshift
 .text.__mcmp   0x0000000008008de0       0x38 /opt/gcc-arm-none-eabi-10.3-2021.10/arm-none-eabi/lib/thumb/v7e-m+fp/hard/libc_nano.a(lib_a-mprec.o)
                0x0000000008008de0                __mcmp
 .text.__mdiff  0x0000000008008e18      0x114 /opt/gcc-arm-none-eabi-10.3-2021.10/arm-none-eabi/lib/thumb/v7e-m+fp/hard/libc_nano.a(lib_a-mprec.o)
                0x0000000008008e18                __mdiff
 .text.__ulp    0x0000000008008f2c       0x58 /opt/gcc-arm-none-eabi-10.3-2021.10/arm-none-eabi/lib/thumb/v7e-m+fp/hard/libc_nano.a(lib_a-mprec.o)
                0x0000000008008f2c                __ulp
 .text.__b2d    0x0000000008008f84       0xa0 /opt/gcc-arm-none-eabi-10.3-2021.10/arm-none-eabi/lib/thumb/v7e-m+fp/hard/libc_nano.a(lib_a-mprec.o)
                0x0000000008008f84                __b2d
 .text.__d2b    0x0000000008009024       0xb8 /opt/gcc-arm-none-eabi-10.3-2021.10/arm-none-eabi/lib/thumb/v7e-m+fp/hard/libc_nano.a(lib_a-mprec.o)
                0x0000000008009024                __d2b
 .text.__ratio  0x00000000080090dc       0x66 /opt/gcc-arm-none-eabi-10.3-2021.10/arm-none-eabi/lib/thumb/v7e-m+fp/hard/libc_nano.a(lib_a-mprec.o)
                0x00000000080090dc                __ratio
 .text.__copybits
                0x0000000008009142       0x46 /opt/gcc-arm-none-eabi-10.3-2021.10/arm-none-eabi/lib/thumb/v7e-m+fp/hard/libc_nano.a(lib_a-mprec.o)
                0x0000000008009142                __copybits
 .text.__any_on
                0x0000000008009188       0x42 /opt/gcc-arm-none-eabi-10.3-2021.10/arm-none-eabi/lib/thumb/v7e-m+fp/hard/libc_nano.a(lib_a-mprec.o)
                0x0000000008009188                __any_on
 .text._calloc_r
                0x00000000080091ca       0x2c /opt/gcc-arm-none-eabi-10.3-2021.10/arm-none-eabi/lib/thumb/v7e-m+fp/hard/libc_nano.a(lib_a-nano-callocr.o)
                0x00000000080091ca                _calloc_r
 *fill*         0x00000000080091f6        0x2 
 .text._free_r  0x00000000080091f8       0x98 /opt/gcc-arm-none-eabi-10.3-2021.10/arm-none-eabi/lib/thumb/v7e-m+fp/hard/libc_nano.a(lib_a-nano-freer.o)
                0x00000000080091f8                _free_r
 .text.sbrk_aligned
                0x0000000008009290       0x40 /opt/gcc-arm-none-eabi-10.3-2021.10/arm-none-eabi/lib/thumb/v7e-m+fp/hard/libc_nano.a(lib_a-nano-mallocr.o)
 .text._malloc_r
                0x00000000080092d0       0xe8 /opt/gcc-arm-none-eabi-10.3-2021.10/arm-none-eabi/lib/thumb/v7e-m+fp/hard/libc_nano.a(lib_a-nano-mallocr.o)
                0x00000000080092d0                _malloc_r
 .text.__ssputs_r
                0x00000000080093b8       0xb6 /opt/gcc-arm-none-eabi-10.3-2021.10/arm-none-eabi/lib/thumb/v7e-m+fp/hard/libc_nano.a(lib_a-nano-svfprintf.o)
                0x00000000080093b8                __ssputs_r
 *fill*         0x000000000800946e        0x2 
 .text._svfprintf_r
                0x0000000008009470      0x200 /opt/gcc-arm-none-eabi-10.3-2021.10/arm-none-eabi/lib/thumb/v7e-m+fp/hard/libc_nano.a(lib_a-nano-svfprintf.o)
                0x0000000008009470                _svfprintf_r
                0x0000000008009470                _svfiprintf_r
 .text.__sfputc_r
                0x0000000008009670       0x2e /opt/gcc-arm-none-eabi-10.3-2021.10/arm-none-eabi/lib/thumb/v7e-m+fp/hard/libc_nano.a(lib_a-nano-vfprintf.o)
 .text.__sfputs_r
                0x000000000800969e       0x24 /opt/gcc-arm-none-eabi-10.3-2021.10/arm-none-eabi/lib/thumb/v7e-m+fp/hard/libc_nano.a(lib_a-nano-vfprintf.o)
                0x000000000800969e                __sfputs_r
 *fill*         0x00000000080096c2        0x2 
 .text._vfprintf_r
                0x00000000080096c4      0x260 /opt/gcc-arm-none-eabi-10.3-2021.10/arm-none-eabi/lib/thumb/v7e-m+fp/hard/libc_nano.a(lib_a-nano-vfprintf.o)
                0x00000000080096c4                _vfiprintf_r
                0x00000000080096c4                _vfprintf_r
 *fill*         0x0000000008009924        0x4 
 .text.nan      0x0000000008009928       0x10 /opt/gcc-arm-none-eabi-10.3-2021.10/arm-none-eabi/lib/thumb/v7e-m+fp/hard/libc_nano.a(lib_a-s_nan.o)
                0x0000000008009928                nan
 .text._sbrk_r  0x0000000008009938       0x20 /opt/gcc-arm-none-eabi-10.3-2021.10/arm-none-eabi/lib/thumb/v7e-m+fp/hard/libc_nano.a(lib_a-sbrkr.o)
                0x0000000008009938                _sbrk_r
 .text.__sread  0x0000000008009958       0x22 /opt/gcc-arm-none-eabi-10.3-2021.10/arm-none-eabi/lib/thumb/v7e-m+fp/hard/libc_nano.a(lib_a-stdio.o)
                0x0000000008009958                __sread
 .text.__swrite
                0x000000000800997a       0x38 /opt/gcc-arm-none-eabi-10.3-2021.10/arm-none-eabi/lib/thumb/v7e-m+fp/hard/libc_nano.a(lib_a-stdio.o)
                0x000000000800997a                __swrite
 .text.__sseek  0x00000000080099b2       0x24 /opt/gcc-arm-none-eabi-10.3-2021.10/arm-none-eabi/lib/thumb/v7e-m+fp/hard/libc_nano.a(lib_a-stdio.o)
                0x00000000080099b2                __sseek
 .text.__sclose
                0x00000000080099d6        0x8 /opt/gcc-arm-none-eabi-10.3-2021.10/arm-none-eabi/lib/thumb/v7e-m+fp/hard/libc_nano.a(lib_a-stdio.o)
                0x00000000080099d6                __sclose
 .text.strncmp  0x00000000080099de       0x28 /opt/gcc-arm-none-eabi-10.3-2021.10/arm-none-eabi/lib/thumb/v7e-m+fp/hard/libc_nano.a(lib_a-strncmp.o)
                0x00000000080099de                strncmp
 *fill*         0x0000000008009a06        0x2 
 .text.__swbuf_r
                0x0000000008009a08       0xa4 /opt/gcc-arm-none-eabi-10.3-2021.10/arm-none-eabi/lib/thumb/v7e-m+fp/hard/libc_nano.a(lib_a-wbuf.o)
                0x0000000008009a08                __swbuf_r
 .text.__ascii_wctomb
                0x0000000008009aac       0x1a /opt/gcc-arm-none-eabi-10.3-2021.10/arm-none-eabi/lib/thumb/v7e-m+fp/hard/libc_nano.a(lib_a-wctomb_r.o)
                0x0000000008009aac                __ascii_wctomb
 *fill*         0x0000000008009ac6        0x2 
 .text._write_r
                0x0000000008009ac8       0x24 /opt/gcc-arm-none-eabi-10.3-2021.10/arm-none-eabi/lib/thumb/v7e-m+fp/hard/libc_nano.a(lib_a-writer.o)
                0x0000000008009ac8                _write_r
 .text.__swsetup_r
                0x0000000008009aec       0xdc /opt/gcc-arm-none-eabi-10.3-2021.10/arm-none-eabi/lib/thumb/v7e-m+fp/hard/libc_nano.a(lib_a-wsetup.o)
                0x0000000008009aec                __swsetup_r
 .text.__assert_func
                0x0000000008009bc8       0x3c /opt/gcc-arm-none-eabi-10.3-2021.10/arm-none-eabi/lib/thumb/v7e-m+fp/hard/libc_nano.a(lib_a-assert.o)
                0x0000000008009bc8                __assert_func
 .text._close_r
                0x0000000008009c04       0x20 /opt/gcc-arm-none-eabi-10.3-2021.10/arm-none-eabi/lib/thumb/v7e-m+fp/hard/libc_nano.a(lib_a-closer.o)
                0x0000000008009c04                _close_r
 .text.__sflush_r
                0x0000000008009c24      0x10c /opt/gcc-arm-none-eabi-10.3-2021.10/arm-none-eabi/lib/thumb/v7e-m+fp/hard/libc_nano.a(lib_a-fflush.o)
                0x0000000008009c24                __sflush_r
 .text._fflush_r
                0x0000000008009d30       0x78 /opt/gcc-arm-none-eabi-10.3-2021.10/arm-none-eabi/lib/thumb/v7e-m+fp/hard/libc_nano.a(lib_a-fflush.o)
                0x0000000008009d30                _fflush_r
 .text.fprintf  0x0000000008009da8       0x24 /opt/gcc-arm-none-eabi-10.3-2021.10/arm-none-eabi/lib/thumb/v7e-m+fp/hard/libc_nano.a(lib_a-fprintf.o)
                0x0000000008009da8                fprintf
                0x0000000008009da8                fiprintf
 .text._lseek_r
                0x0000000008009dcc       0x24 /opt/gcc-arm-none-eabi-10.3-2021.10/arm-none-eabi/lib/thumb/v7e-m+fp/hard/libc_nano.a(lib_a-lseekr.o)
                0x0000000008009dcc                _lseek_r
 .text.__swhatbuf_r
                0x0000000008009df0       0x4a /opt/gcc-arm-none-eabi-10.3-2021.10/arm-none-eabi/lib/thumb/v7e-m+fp/hard/libc_nano.a(lib_a-makebuf.o)
                0x0000000008009df0                __swhatbuf_r
 *fill*         0x0000000008009e3a        0x2 
 .text.__smakebuf_r
                0x0000000008009e3c       0x80 /opt/gcc-arm-none-eabi-10.3-2021.10/arm-none-eabi/lib/thumb/v7e-m+fp/hard/libc_nano.a(lib_a-makebuf.o)
                0x0000000008009e3c                __smakebuf_r
 .text.memmove  0x0000000008009ebc       0x34 /opt/gcc-arm-none-eabi-10.3-2021.10/arm-none-eabi/lib/thumb/v7e-m+fp/hard/libc_nano.a(lib_a-memmove.o)
                0x0000000008009ebc                memmove
 .text.__malloc_lock
                0x0000000008009ef0        0xc /opt/gcc-arm-none-eabi-10.3-2021.10/arm-none-eabi/lib/thumb/v7e-m+fp/hard/libc_nano.a(lib_a-mlock.o)
                0x0000000008009ef0                __malloc_lock
 .text.__malloc_unlock
                0x0000000008009efc        0xc /opt/gcc-arm-none-eabi-10.3-2021.10/arm-none-eabi/lib/thumb/v7e-m+fp/hard/libc_nano.a(lib_a-mlock.o)
                0x0000000008009efc                __malloc_unlock
 .text._realloc_r
                0x0000000008009f08       0x5e /opt/gcc-arm-none-eabi-10.3-2021.10/arm-none-eabi/lib/thumb/v7e-m+fp/hard/libc_nano.a(lib_a-nano-reallocr.o)
                0x0000000008009f08                _realloc_r
 *fill*         0x0000000008009f66        0x2 
 .text._read_r  0x0000000008009f68       0x24 /opt/gcc-arm-none-eabi-10.3-2021.10/arm-none-eabi/lib/thumb/v7e-m+fp/hard/libc_nano.a(lib_a-readr.o)
                0x0000000008009f68                _read_r
 .text.abort    0x0000000008009f8c        0xe /opt/gcc-arm-none-eabi-10.3-2021.10/arm-none-eabi/lib/thumb/v7e-m+fp/hard/libc_nano.a(lib_a-abort.o)
                0x0000000008009f8c                abort
 *fill*         0x0000000008009f9a        0x2 
 .text._fstat_r
                0x0000000008009f9c       0x24 /opt/gcc-arm-none-eabi-10.3-2021.10/arm-none-eabi/lib/thumb/v7e-m+fp/hard/libc_nano.a(lib_a-fstatr.o)
                0x0000000008009f9c                _fstat_r
 .text._isatty_r
                0x0000000008009fc0       0x20 /opt/gcc-arm-none-eabi-10.3-2021.10/arm-none-eabi/lib/thumb/v7e-m+fp/hard/libc_nano.a(lib_a-isattyr.o)
                0x0000000008009fc0                _isatty_r
 .text._malloc_usable_size_r
                0x0000000008009fe0       0x10 /opt/gcc-arm-none-eabi-10.3-2021.10/arm-none-eabi/lib/thumb/v7e-m+fp/hard/libc_nano.a(lib_a-nano-msizer.o)
                0x0000000008009fe0                _malloc_usable_size_r
 .text._raise_r
                0x0000000008009ff0       0x50 /opt/gcc-arm-none-eabi-10.3-2021.10/arm-none-eabi/lib/thumb/v7e-m+fp/hard/libc_nano.a(lib_a-signal.o)
                0x0000000008009ff0                _raise_r
 .text.raise    0x000000000800a040       0x10 /opt/gcc-arm-none-eabi-10.3-2021.10/arm-none-eabi/lib/thumb/v7e-m+fp/hard/libc_nano.a(lib_a-signal.o)
                0x000000000800a040                raise
 .text._kill_r  0x000000000800a050       0x24 /opt/gcc-arm-none-eabi-10.3-2021.10/arm-none-eabi/lib/thumb/v7e-m+fp/hard/libc_nano.a(lib_a-signalr.o)
                0x000000000800a050                _kill_r
 .text._getpid_r
                0x000000000800a074        0x4 /opt/gcc-arm-none-eabi-10.3-2021.10/arm-none-eabi/lib/thumb/v7e-m+fp/hard/libc_nano.a(lib_a-signalr.o)
                0x000000000800a074                _getpid_r
 .text._close   0x000000000800a078       0x10 /opt/gcc-arm-none-eabi-10.3-2021.10/arm-none-eabi/lib/thumb/v7e-m+fp/hard/libnosys.a(close.o)
                0x000000000800a078                _close
 .text._fstat   0x000000000800a088       0x10 /opt/gcc-arm-none-eabi-10.3-2021.10/arm-none-eabi/lib/thumb/v7e-m+fp/hard/libnosys.a(fstat.o)
                0x000000000800a088                _fstat
 .text._getpid  0x000000000800a098       0x10 /opt/gcc-arm-none-eabi-10.3-2021.10/arm-none-eabi/lib/thumb/v7e-m+fp/hard/libnosys.a(getpid.o)
                0x000000000800a098                _getpid
 .text._isatty  0x000000000800a0a8       0x10 /opt/gcc-arm-none-eabi-10.3-2021.10/arm-none-eabi/lib/thumb/v7e-m+fp/hard/libnosys.a(isatty.o)
                0x000000000800a0a8                _isatty
 .text._kill    0x000000000800a0b8       0x10 /opt/gcc-arm-none-eabi-10.3-2021.10/arm-none-eabi/lib/thumb/v7e-m+fp/hard/libnosys.a(kill.o)
                0x000000000800a0b8                _kill
 .text._lseek   0x000000000800a0c8       0x10 /opt/gcc-arm-none-eabi-10.3-2021.10/arm-none-eabi/lib/thumb/v7e-m+fp/hard/libnosys.a(lseek.o)
                0x000000000800a0c8                _lseek
 .text._sbrk    0x000000000800a0d8       0x1c /opt/gcc-arm-none-eabi-10.3-2021.10/arm-none-eabi/lib/thumb/v7e-m+fp/hard/libnosys.a(sbrk.o)
                0x000000000800a0d8                _sbrk
 .text._exit    0x000000000800a0f4        0x4 /opt/gcc-arm-none-eabi-10.3-2021.10/arm-none-eabi/lib/thumb/v7e-m+fp/hard/libnosys.a(_exit.o)
                0x000000000800a0f4                _exit
 *(.glue_7)
 .glue_7        0x000000000800a0f8        0x0 linker stubs
 *(.glue_7t)
 .glue_7t       0x000000000800a0f8        0x0 linker stubs
 *(.eh_frame)
 .eh_frame      0x000000000800a0f8        0x0 /opt/gcc-arm-none-eabi-10.3-2021.10/bin/../lib/gcc/arm-none-eabi/10.3.1/thumb/v7e-m+fp/hard/crtbegin.o
 *(.init)
 .init          0x000000000800a0f8        0x4 /opt/gcc-arm-none-eabi-10.3-2021.10/bin/../lib/gcc/arm-none-eabi/10.3.1/thumb/v7e-m+fp/hard/crti.o
                0x000000000800a0f8                _init
 .init          0x000000000800a0fc        0x8 /opt/gcc-arm-none-eabi-10.3-2021.10/bin/../lib/gcc/arm-none-eabi/10.3.1/thumb/v7e-m+fp/hard/crtn.o
 *(.fini)
 .fini          0x000000000800a104        0x4 /opt/gcc-arm-none-eabi-10.3-2021.10/bin/../lib/gcc/arm-none-eabi/10.3.1/thumb/v7e-m+fp/hard/crti.o
                0x000000000800a104                _fini
 .fini          0x000000000800a108        0x8 /opt/gcc-arm-none-eabi-10.3-2021.10/bin/../lib/gcc/arm-none-eabi/10.3.1/thumb/v7e-m+fp/hard/crtn.o
                0x000000000800a110                . = ALIGN (0x4)
                0x000000000800a110                _etext = .

.vfp11_veneer   0x000000000800a110        0x0
 .vfp11_veneer  0x000000000800a110        0x0 linker stubs

.v4_bx          0x000000000800a110        0x0
 .v4_bx         0x000000000800a110        0x0 linker stubs

.iplt           0x000000000800a110        0x0
 .iplt          0x000000000800a110        0x0 /opt/gcc-arm-none-eabi-10.3-2021.10/bin/../lib/gcc/arm-none-eabi/10.3.1/thumb/v7e-m+fp/hard/crtbegin.o

.rodata         0x000000000800a110      0x574
                0x000000000800a110                . = ALIGN (0x4)
 *(.rodata)
 .rodata        0x000000000800a110       0x28 /tmp/STM32H7_BOOT.elf.eFsPK8.ltrans0.ltrans.o
 *(.rodata*)
 .rodata.str1.4
                0x000000000800a138       0x3c /tmp/STM32H7_BOOT.elf.eFsPK8.ltrans0.ltrans.o
 .rodata._global_impure_ptr
                0x000000000800a174        0x4 /opt/gcc-arm-none-eabi-10.3-2021.10/arm-none-eabi/lib/thumb/v7e-m+fp/hard/libc_nano.a(lib_a-impure.o)
                0x000000000800a174                _global_impure_ptr
 .rodata._printf_float.str1.1
                0x000000000800a178       0x12 /opt/gcc-arm-none-eabi-10.3-2021.10/arm-none-eabi/lib/thumb/v7e-m+fp/hard/libc_nano.a(lib_a-nano-vfprintf_float.o)
 .rodata._printf_i.str1.1
                0x000000000800a18a       0x22 /opt/gcc-arm-none-eabi-10.3-2021.10/arm-none-eabi/lib/thumb/v7e-m+fp/hard/libc_nano.a(lib_a-nano-vfprintf_i.o)
 .rodata._scanf_float.str1.1
                0x000000000800a1ac        0x5 /opt/gcc-arm-none-eabi-10.3-2021.10/arm-none-eabi/lib/thumb/v7e-m+fp/hard/libc_nano.a(lib_a-nano-vfscanf_float.o)
                                          0x6 (size before relaxing)
 .rodata._strtod_l.str1.1
                0x000000000800a1b1        0x5 /opt/gcc-arm-none-eabi-10.3-2021.10/arm-none-eabi/lib/thumb/v7e-m+fp/hard/libc_nano.a(lib_a-strtod.o)
                                          0xd (size before relaxing)
 *fill*         0x000000000800a1b1        0x3 
 .rodata.fpi.1  0x000000000800a1b4       0x14 /opt/gcc-arm-none-eabi-10.3-2021.10/arm-none-eabi/lib/thumb/v7e-m+fp/hard/libc_nano.a(lib_a-strtod.o)
 .rodata.fpinan.0
                0x000000000800a1c8       0x14 /opt/gcc-arm-none-eabi-10.3-2021.10/arm-none-eabi/lib/thumb/v7e-m+fp/hard/libc_nano.a(lib_a-strtod.o)
 *fill*         0x000000000800a1dc        0x4 
 .rodata.tinytens
                0x000000000800a1e0       0x28 /opt/gcc-arm-none-eabi-10.3-2021.10/arm-none-eabi/lib/thumb/v7e-m+fp/hard/libc_nano.a(lib_a-strtod.o)
 .rodata._ctype_
                0x000000000800a208      0x101 /opt/gcc-arm-none-eabi-10.3-2021.10/arm-none-eabi/lib/thumb/v7e-m+fp/hard/libc_nano.a(lib_a-ctype_.o)
                0x000000000800a208                _ctype_
 .rodata._dtoa_r.str1.1
                0x000000000800a309       0xb3 /opt/gcc-arm-none-eabi-10.3-2021.10/arm-none-eabi/lib/thumb/v7e-m+fp/hard/libc_nano.a(lib_a-dtoa.o)
                                         0xb5 (size before relaxing)
 .rodata.__sf_fake_stderr
                0x000000000800a3bc       0x20 /opt/gcc-arm-none-eabi-10.3-2021.10/arm-none-eabi/lib/thumb/v7e-m+fp/hard/libc_nano.a(lib_a-findfp.o)
                0x000000000800a3bc                __sf_fake_stderr
 .rodata.__sf_fake_stdin
                0x000000000800a3dc       0x20 /opt/gcc-arm-none-eabi-10.3-2021.10/arm-none-eabi/lib/thumb/v7e-m+fp/hard/libc_nano.a(lib_a-findfp.o)
                0x000000000800a3dc                __sf_fake_stdin
 .rodata.__sf_fake_stdout
                0x000000000800a3fc       0x20 /opt/gcc-arm-none-eabi-10.3-2021.10/arm-none-eabi/lib/thumb/v7e-m+fp/hard/libc_nano.a(lib_a-findfp.o)
                0x000000000800a3fc                __sf_fake_stdout
 .rodata.__gethex.str1.1
                0x000000000800a41c       0x86 /opt/gcc-arm-none-eabi-10.3-2021.10/arm-none-eabi/lib/thumb/v7e-m+fp/hard/libc_nano.a(lib_a-gdtoa-gethex.o)
                                         0x97 (size before relaxing)
 .rodata.str1.1
                0x000000000800a4a2        0x2 /opt/gcc-arm-none-eabi-10.3-2021.10/arm-none-eabi/lib/thumb/v7e-m+fp/hard/libc_nano.a(lib_a-lnumeric.o)
                                          0x3 (size before relaxing)
 .rodata._C_numeric_locale
                0x000000000800a4a4        0xc /opt/gcc-arm-none-eabi-10.3-2021.10/arm-none-eabi/lib/thumb/v7e-m+fp/hard/libc_nano.a(lib_a-lnumeric.o)
                0x000000000800a4a4                _C_numeric_locale
 .rodata._setlocale_r.str1.1
                0x000000000800a4b0        0x8 /opt/gcc-arm-none-eabi-10.3-2021.10/arm-none-eabi/lib/thumb/v7e-m+fp/hard/libc_nano.a(lib_a-locale.o)
                                          0x9 (size before relaxing)
 .rodata.str1.1
                0x000000000800a4b8        0x2 /opt/gcc-arm-none-eabi-10.3-2021.10/arm-none-eabi/lib/thumb/v7e-m+fp/hard/libc_nano.a(lib_a-locale.o)
 .rodata._Balloc.str1.1
                0x000000000800a4b8       0x7f /opt/gcc-arm-none-eabi-10.3-2021.10/arm-none-eabi/lib/thumb/v7e-m+fp/hard/libc_nano.a(lib_a-mprec.o)
                                         0x96 (size before relaxing)
 .rodata.__multadd.str1.1
                0x000000000800a537       0x11 /opt/gcc-arm-none-eabi-10.3-2021.10/arm-none-eabi/lib/thumb/v7e-m+fp/hard/libc_nano.a(lib_a-mprec.o)
 *fill*         0x000000000800a537        0x1 
 .rodata.__mprec_bigtens
                0x000000000800a538       0x28 /opt/gcc-arm-none-eabi-10.3-2021.10/arm-none-eabi/lib/thumb/v7e-m+fp/hard/libc_nano.a(lib_a-mprec.o)
                0x000000000800a538                __mprec_bigtens
 .rodata.__mprec_tens
                0x000000000800a560       0xc8 /opt/gcc-arm-none-eabi-10.3-2021.10/arm-none-eabi/lib/thumb/v7e-m+fp/hard/libc_nano.a(lib_a-mprec.o)
                0x000000000800a560                __mprec_tens
 .rodata.p05.0  0x000000000800a628        0xc /opt/gcc-arm-none-eabi-10.3-2021.10/arm-none-eabi/lib/thumb/v7e-m+fp/hard/libc_nano.a(lib_a-mprec.o)
 .rodata._svfprintf_r.str1.1
                0x000000000800a634       0x11 /opt/gcc-arm-none-eabi-10.3-2021.10/arm-none-eabi/lib/thumb/v7e-m+fp/hard/libc_nano.a(lib_a-nano-svfprintf.o)
 .rodata._vfprintf_r.str1.1
                0x000000000800a645       0x11 /opt/gcc-arm-none-eabi-10.3-2021.10/arm-none-eabi/lib/thumb/v7e-m+fp/hard/libc_nano.a(lib_a-nano-vfprintf.o)
 .rodata.__assert_func.str1.1
                0x000000000800a645       0x3c /opt/gcc-arm-none-eabi-10.3-2021.10/arm-none-eabi/lib/thumb/v7e-m+fp/hard/libc_nano.a(lib_a-assert.o)
                                         0x3d (size before relaxing)
                0x000000000800a684                . = ALIGN (0x4)
 *fill*         0x000000000800a681        0x3 

.ARM.extab      0x000000000800a684        0x0
                0x000000000800a684                . = ALIGN (0x4)
 *(.ARM.extab* .gnu.linkonce.armextab.*)
                0x000000000800a684                . = ALIGN (0x4)

.ARM            0x000000000800a684        0x8
                0x000000000800a684                . = ALIGN (0x4)
                0x000000000800a684                __exidx_start = .
 *(.ARM.exidx*)
 .ARM.exidx     0x000000000800a684        0x8 /opt/gcc-arm-none-eabi-10.3-2021.10/bin/../lib/gcc/arm-none-eabi/10.3.1/thumb/v7e-m+fp/hard/libgcc.a(_udivmoddi4.o)
                0x000000000800a68c                __exidx_end = .
                0x000000000800a68c                . = ALIGN (0x4)

.rel.dyn        0x000000000800a68c        0x0
 .rel.iplt      0x000000000800a68c        0x0 /opt/gcc-arm-none-eabi-10.3-2021.10/bin/../lib/gcc/arm-none-eabi/10.3.1/thumb/v7e-m+fp/hard/crtbegin.o

.preinit_array  0x000000000800a68c        0x0
                0x000000000800a68c                . = ALIGN (0x4)
                0x000000000800a68c                PROVIDE (__preinit_array_start = .)
 *(.preinit_array*)
                0x000000000800a68c                PROVIDE (__preinit_array_end = .)
                0x000000000800a68c                . = ALIGN (0x4)

.init_array     0x000000000800a68c        0x4
                0x000000000800a68c                . = ALIGN (0x4)
                0x000000000800a68c                PROVIDE (__init_array_start = .)
 *(SORT_BY_NAME(.init_array.*))
 *(.init_array*)
 .init_array    0x000000000800a68c        0x4 /opt/gcc-arm-none-eabi-10.3-2021.10/bin/../lib/gcc/arm-none-eabi/10.3.1/thumb/v7e-m+fp/hard/crtbegin.o
                0x000000000800a690                PROVIDE (__init_array_end = .)
                0x000000000800a690                . = ALIGN (0x4)

.fini_array     0x000000000800a690        0x4
                0x000000000800a690                . = ALIGN (0x4)
                [!provide]                        PROVIDE (__fini_array_start = .)
 *(SORT_BY_NAME(.fini_array.*))
 *(.fini_array*)
 .fini_array    0x000000000800a690        0x4 /opt/gcc-arm-none-eabi-10.3-2021.10/bin/../lib/gcc/arm-none-eabi/10.3.1/thumb/v7e-m+fp/hard/crtbegin.o
                [!provide]                        PROVIDE (__fini_array_end = .)
                0x000000000800a694                . = ALIGN (0x4)
                0x000000000800a694                _sidata = LOADADDR (.data)

.data           0x0000000024000000      0x1dc load address 0x000000000800a694
                0x0000000024000000                . = ALIGN (0x4)
                0x0000000024000000                _sdata = .
 *(.data)
 .data          0x0000000024000000        0x8 /tmp/STM32H7_BOOT.elf.eFsPK8.ltrans0.ltrans.o
 *(.data*)
 .data._impure_ptr
                0x0000000024000008        0x4 /opt/gcc-arm-none-eabi-10.3-2021.10/arm-none-eabi/lib/thumb/v7e-m+fp/hard/libc_nano.a(lib_a-impure.o)
                0x0000000024000008                _impure_ptr
 .data.impure_data
                0x000000002400000c       0x60 /opt/gcc-arm-none-eabi-10.3-2021.10/arm-none-eabi/lib/thumb/v7e-m+fp/hard/libc_nano.a(lib_a-impure.o)
 .data.numempty
                0x000000002400006c        0x2 /opt/gcc-arm-none-eabi-10.3-2021.10/arm-none-eabi/lib/thumb/v7e-m+fp/hard/libc_nano.a(lib_a-lnumeric.o)
 *fill*         0x000000002400006e        0x2 
 .data.__global_locale
                0x0000000024000070      0x16c /opt/gcc-arm-none-eabi-10.3-2021.10/arm-none-eabi/lib/thumb/v7e-m+fp/hard/libc_nano.a(lib_a-locale.o)
                0x0000000024000070                __global_locale
                0x00000000240001dc                . = ALIGN (0x4)
                0x00000000240001dc                _edata = .

.igot.plt       0x00000000240001dc        0x0 load address 0x000000000800a870
 .igot.plt      0x00000000240001dc        0x0 /opt/gcc-arm-none-eabi-10.3-2021.10/bin/../lib/gcc/arm-none-eabi/10.3.1/thumb/v7e-m+fp/hard/crtbegin.o
                0x00000000240001dc                . = ALIGN (0x4)

.bss            0x00000000240001dc      0x1dc load address 0x000000000800a870
                0x00000000240001dc                _sbss = .
                0x00000000240001dc                __bss_start__ = _sbss
 *(.bss)
 .bss           0x00000000240001dc       0x1c /opt/gcc-arm-none-eabi-10.3-2021.10/bin/../lib/gcc/arm-none-eabi/10.3.1/thumb/v7e-m+fp/hard/crtbegin.o
 .bss           0x00000000240001f8      0x1ac /tmp/STM32H7_BOOT.elf.eFsPK8.ltrans0.ltrans.o
 *(.bss*)
 .bss.__lock___malloc_recursive_mutex
                0x00000000240003a4        0x1 /opt/gcc-arm-none-eabi-10.3-2021.10/arm-none-eabi/lib/thumb/v7e-m+fp/hard/libc_nano.a(lib_a-lock.o)
                0x00000000240003a4                __lock___malloc_recursive_mutex
 .bss.__lock___sfp_recursive_mutex
                0x00000000240003a5        0x1 /opt/gcc-arm-none-eabi-10.3-2021.10/arm-none-eabi/lib/thumb/v7e-m+fp/hard/libc_nano.a(lib_a-lock.o)
                0x00000000240003a5                __lock___sfp_recursive_mutex
 .bss.__lock___sinit_recursive_mutex
                0x00000000240003a6        0x1 /opt/gcc-arm-none-eabi-10.3-2021.10/arm-none-eabi/lib/thumb/v7e-m+fp/hard/libc_nano.a(lib_a-lock.o)
                0x00000000240003a6                __lock___sinit_recursive_mutex
 *fill*         0x00000000240003a7        0x1 
 .bss.__malloc_free_list
                0x00000000240003a8        0x4 /opt/gcc-arm-none-eabi-10.3-2021.10/arm-none-eabi/lib/thumb/v7e-m+fp/hard/libc_nano.a(lib_a-nano-mallocr.o)
                0x00000000240003a8                __malloc_free_list
 .bss.__malloc_sbrk_start
                0x00000000240003ac        0x4 /opt/gcc-arm-none-eabi-10.3-2021.10/arm-none-eabi/lib/thumb/v7e-m+fp/hard/libc_nano.a(lib_a-nano-mallocr.o)
                0x00000000240003ac                __malloc_sbrk_start
 .bss.errno     0x00000000240003b0        0x4 /opt/gcc-arm-none-eabi-10.3-2021.10/arm-none-eabi/lib/thumb/v7e-m+fp/hard/libc_nano.a(lib_a-reent.o)
                0x00000000240003b0                errno
 .bss.heap_end.0
                0x00000000240003b4        0x4 /opt/gcc-arm-none-eabi-10.3-2021.10/arm-none-eabi/lib/thumb/v7e-m+fp/hard/libnosys.a(sbrk.o)
 *(COMMON)
                0x00000000240003b8                . = ALIGN (0x4)
                0x00000000240003b8                _ebss = .
                0x00000000240003b8                __bss_end__ = _ebss

._user_heap_stack
                0x00000000240003b8      0x600 load address 0x000000000800a870
                0x00000000240003b8                . = ALIGN (0x8)
                0x00000000240003b8                PROVIDE (end = .)
                [!provide]                        PROVIDE (_end = .)
                0x00000000240005b8                . = (. + _Min_Heap_Size)
 *fill*         0x00000000240003b8      0x200 
                0x00000000240009b8                . = (. + _Min_Stack_Size)
 *fill*         0x00000000240005b8      0x400 
                0x00000000240009b8                . = ALIGN (0x8)

.dtcmram        0x0000000020000000        0x0 load address 0x000000000800a870
                0x0000000020000000                . = ALIGN (0x4)
 *(.dtcmram)
                0x0000000020000000                . = ALIGN (0x4)

.ramd2          0x0000000030000000        0x0 load address 0x000000000800a870
                0x0000000030000000                . = ALIGN (0x4)
 *(.ramd2)
                0x0000000030000000                . = ALIGN (0x4)

.ramd3          0x0000000038000000        0x0 load address 0x000000000800a870
                0x0000000038000000                . = ALIGN (0x4)
 *(.ramd3)
                0x0000000038000000                . = ALIGN (0x4)

/DISCARD/
 libc.a(*)
 libm.a(*)
 libgcc.a(*)

.ARM.attributes
                0x0000000000000000       0x30
 *(.ARM.attributes)
 .ARM.attributes
                0x0000000000000000       0x1e /opt/gcc-arm-none-eabi-10.3-2021.10/bin/../lib/gcc/arm-none-eabi/10.3.1/thumb/v7e-m+fp/hard/crti.o
 .ARM.attributes
                0x000000000000001e       0x34 /opt/gcc-arm-none-eabi-10.3-2021.10/bin/../lib/gcc/arm-none-eabi/10.3.1/thumb/v7e-m+fp/hard/crtbegin.o
 .ARM.attributes
                0x0000000000000052       0x21 /home/tony/workdir/stm32_rtthread_cpp_hal_lib_projector/output/bootloader/startup_stm32h750xx.o
 .ARM.attributes
                0x0000000000000073       0x32 /tmp/STM32H7_BOOT.elf.eFsPK8.ltrans0.ltrans.o
 .ARM.attributes
                0x00000000000000a5       0x34 /opt/gcc-arm-none-eabi-10.3-2021.10/arm-none-eabi/lib/thumb/v7e-m+fp/hard/libc_nano.a(lib_a-impure.o)
 .ARM.attributes
                0x00000000000000d9       0x34 /opt/gcc-arm-none-eabi-10.3-2021.10/arm-none-eabi/lib/thumb/v7e-m+fp/hard/libc_nano.a(lib_a-init.o)
 .ARM.attributes
                0x000000000000010d       0x34 /opt/gcc-arm-none-eabi-10.3-2021.10/arm-none-eabi/lib/thumb/v7e-m+fp/hard/libc_nano.a(lib_a-memset.o)
 .ARM.attributes
                0x0000000000000141       0x34 /opt/gcc-arm-none-eabi-10.3-2021.10/arm-none-eabi/lib/thumb/v7e-m+fp/hard/libc_nano.a(lib_a-nano-vfprintf_float.o)
 .ARM.attributes
                0x0000000000000175       0x34 /opt/gcc-arm-none-eabi-10.3-2021.10/arm-none-eabi/lib/thumb/v7e-m+fp/hard/libc_nano.a(lib_a-nano-vfprintf_i.o)
 .ARM.attributes
                0x00000000000001a9       0x34 /opt/gcc-arm-none-eabi-10.3-2021.10/arm-none-eabi/lib/thumb/v7e-m+fp/hard/libc_nano.a(lib_a-nano-vfscanf_float.o)
 .ARM.attributes
                0x00000000000001dd       0x34 /opt/gcc-arm-none-eabi-10.3-2021.10/arm-none-eabi/lib/thumb/v7e-m+fp/hard/libc_nano.a(lib_a-printf.o)
 .ARM.attributes
                0x0000000000000211       0x34 /opt/gcc-arm-none-eabi-10.3-2021.10/arm-none-eabi/lib/thumb/v7e-m+fp/hard/libc_nano.a(lib_a-sf_nan.o)
 .ARM.attributes
                0x0000000000000245       0x34 /opt/gcc-arm-none-eabi-10.3-2021.10/arm-none-eabi/lib/thumb/v7e-m+fp/hard/libc_nano.a(lib_a-sprintf.o)
 .ARM.attributes
                0x0000000000000279       0x17 /opt/gcc-arm-none-eabi-10.3-2021.10/arm-none-eabi/lib/thumb/v7e-m+fp/hard/libc_nano.a(lib_a-strlen.o)
 .ARM.attributes
                0x0000000000000290       0x34 /opt/gcc-arm-none-eabi-10.3-2021.10/arm-none-eabi/lib/thumb/v7e-m+fp/hard/libc_nano.a(lib_a-strtod.o)
 .ARM.attributes
                0x00000000000002c4       0x34 /opt/gcc-arm-none-eabi-10.3-2021.10/arm-none-eabi/lib/thumb/v7e-m+fp/hard/libc_nano.a(lib_a-strtol.o)
 .ARM.attributes
                0x00000000000002f8       0x34 /opt/gcc-arm-none-eabi-10.3-2021.10/arm-none-eabi/lib/thumb/v7e-m+fp/hard/libc_nano.a(lib_a-ctype_.o)
 .ARM.attributes
                0x000000000000032c       0x34 /opt/gcc-arm-none-eabi-10.3-2021.10/arm-none-eabi/lib/thumb/v7e-m+fp/hard/libc_nano.a(lib_a-dtoa.o)
 .ARM.attributes
                0x0000000000000360       0x34 /opt/gcc-arm-none-eabi-10.3-2021.10/arm-none-eabi/lib/thumb/v7e-m+fp/hard/libc_nano.a(lib_a-errno.o)
 .ARM.attributes
                0x0000000000000394       0x34 /opt/gcc-arm-none-eabi-10.3-2021.10/arm-none-eabi/lib/thumb/v7e-m+fp/hard/libc_nano.a(lib_a-findfp.o)
 .ARM.attributes
                0x00000000000003c8       0x34 /opt/gcc-arm-none-eabi-10.3-2021.10/arm-none-eabi/lib/thumb/v7e-m+fp/hard/libc_nano.a(lib_a-fwalk.o)
 .ARM.attributes
                0x00000000000003fc       0x34 /opt/gcc-arm-none-eabi-10.3-2021.10/arm-none-eabi/lib/thumb/v7e-m+fp/hard/libc_nano.a(lib_a-gdtoa-gethex.o)
 .ARM.attributes
                0x0000000000000430       0x34 /opt/gcc-arm-none-eabi-10.3-2021.10/arm-none-eabi/lib/thumb/v7e-m+fp/hard/libc_nano.a(lib_a-gdtoa-hexnan.o)
 .ARM.attributes
                0x0000000000000464       0x34 /opt/gcc-arm-none-eabi-10.3-2021.10/arm-none-eabi/lib/thumb/v7e-m+fp/hard/libc_nano.a(lib_a-lnumeric.o)
 .ARM.attributes
                0x0000000000000498       0x34 /opt/gcc-arm-none-eabi-10.3-2021.10/arm-none-eabi/lib/thumb/v7e-m+fp/hard/libc_nano.a(lib_a-locale.o)
 .ARM.attributes
                0x00000000000004cc       0x34 /opt/gcc-arm-none-eabi-10.3-2021.10/arm-none-eabi/lib/thumb/v7e-m+fp/hard/libc_nano.a(lib_a-localeconv.o)
 .ARM.attributes
                0x0000000000000500       0x34 /opt/gcc-arm-none-eabi-10.3-2021.10/arm-none-eabi/lib/thumb/v7e-m+fp/hard/libc_nano.a(lib_a-lock.o)
 .ARM.attributes
                0x0000000000000534       0x34 /opt/gcc-arm-none-eabi-10.3-2021.10/arm-none-eabi/lib/thumb/v7e-m+fp/hard/libc_nano.a(lib_a-malloc.o)
 .ARM.attributes
                0x0000000000000568       0x34 /opt/gcc-arm-none-eabi-10.3-2021.10/arm-none-eabi/lib/thumb/v7e-m+fp/hard/libc_nano.a(lib_a-mbtowc_r.o)
 .ARM.attributes
                0x000000000000059c       0x1c /opt/gcc-arm-none-eabi-10.3-2021.10/arm-none-eabi/lib/thumb/v7e-m+fp/hard/libc_nano.a(lib_a-memchr.o)
 .ARM.attributes
                0x00000000000005b8       0x34 /opt/gcc-arm-none-eabi-10.3-2021.10/arm-none-eabi/lib/thumb/v7e-m+fp/hard/libc_nano.a(lib_a-memcpy-stub.o)
 .ARM.attributes
                0x00000000000005ec       0x34 /opt/gcc-arm-none-eabi-10.3-2021.10/arm-none-eabi/lib/thumb/v7e-m+fp/hard/libc_nano.a(lib_a-mprec.o)
 .ARM.attributes
                0x0000000000000620       0x34 /opt/gcc-arm-none-eabi-10.3-2021.10/arm-none-eabi/lib/thumb/v7e-m+fp/hard/libc_nano.a(lib_a-nano-callocr.o)
 .ARM.attributes
                0x0000000000000654       0x34 /opt/gcc-arm-none-eabi-10.3-2021.10/arm-none-eabi/lib/thumb/v7e-m+fp/hard/libc_nano.a(lib_a-nano-freer.o)
 .ARM.attributes
                0x0000000000000688       0x34 /opt/gcc-arm-none-eabi-10.3-2021.10/arm-none-eabi/lib/thumb/v7e-m+fp/hard/libc_nano.a(lib_a-nano-mallocr.o)
 .ARM.attributes
                0x00000000000006bc       0x34 /opt/gcc-arm-none-eabi-10.3-2021.10/arm-none-eabi/lib/thumb/v7e-m+fp/hard/libc_nano.a(lib_a-nano-svfprintf.o)
 .ARM.attributes
                0x00000000000006f0       0x34 /opt/gcc-arm-none-eabi-10.3-2021.10/arm-none-eabi/lib/thumb/v7e-m+fp/hard/libc_nano.a(lib_a-nano-vfprintf.o)
 .ARM.attributes
                0x0000000000000724       0x34 /opt/gcc-arm-none-eabi-10.3-2021.10/arm-none-eabi/lib/thumb/v7e-m+fp/hard/libc_nano.a(lib_a-s_nan.o)
 .ARM.attributes
                0x0000000000000758       0x34 /opt/gcc-arm-none-eabi-10.3-2021.10/arm-none-eabi/lib/thumb/v7e-m+fp/hard/libc_nano.a(lib_a-sbrkr.o)
 .ARM.attributes
                0x000000000000078c       0x34 /opt/gcc-arm-none-eabi-10.3-2021.10/arm-none-eabi/lib/thumb/v7e-m+fp/hard/libc_nano.a(lib_a-stdio.o)
 .ARM.attributes
                0x00000000000007c0       0x34 /opt/gcc-arm-none-eabi-10.3-2021.10/arm-none-eabi/lib/thumb/v7e-m+fp/hard/libc_nano.a(lib_a-strncmp.o)
 .ARM.attributes
                0x00000000000007f4       0x34 /opt/gcc-arm-none-eabi-10.3-2021.10/arm-none-eabi/lib/thumb/v7e-m+fp/hard/libc_nano.a(lib_a-wbuf.o)
 .ARM.attributes
                0x0000000000000828       0x34 /opt/gcc-arm-none-eabi-10.3-2021.10/arm-none-eabi/lib/thumb/v7e-m+fp/hard/libc_nano.a(lib_a-wctomb_r.o)
 .ARM.attributes
                0x000000000000085c       0x34 /opt/gcc-arm-none-eabi-10.3-2021.10/arm-none-eabi/lib/thumb/v7e-m+fp/hard/libc_nano.a(lib_a-writer.o)
 .ARM.attributes
                0x0000000000000890       0x34 /opt/gcc-arm-none-eabi-10.3-2021.10/arm-none-eabi/lib/thumb/v7e-m+fp/hard/libc_nano.a(lib_a-wsetup.o)
 .ARM.attributes
                0x00000000000008c4       0x34 /opt/gcc-arm-none-eabi-10.3-2021.10/arm-none-eabi/lib/thumb/v7e-m+fp/hard/libc_nano.a(lib_a-assert.o)
 .ARM.attributes
                0x00000000000008f8       0x34 /opt/gcc-arm-none-eabi-10.3-2021.10/arm-none-eabi/lib/thumb/v7e-m+fp/hard/libc_nano.a(lib_a-closer.o)
 .ARM.attributes
                0x000000000000092c       0x34 /opt/gcc-arm-none-eabi-10.3-2021.10/arm-none-eabi/lib/thumb/v7e-m+fp/hard/libc_nano.a(lib_a-fflush.o)
 .ARM.attributes
                0x0000000000000960       0x34 /opt/gcc-arm-none-eabi-10.3-2021.10/arm-none-eabi/lib/thumb/v7e-m+fp/hard/libc_nano.a(lib_a-fprintf.o)
 .ARM.attributes
                0x0000000000000994       0x34 /opt/gcc-arm-none-eabi-10.3-2021.10/arm-none-eabi/lib/thumb/v7e-m+fp/hard/libc_nano.a(lib_a-lseekr.o)
 .ARM.attributes
                0x00000000000009c8       0x34 /opt/gcc-arm-none-eabi-10.3-2021.10/arm-none-eabi/lib/thumb/v7e-m+fp/hard/libc_nano.a(lib_a-makebuf.o)
 .ARM.attributes
                0x00000000000009fc       0x34 /opt/gcc-arm-none-eabi-10.3-2021.10/arm-none-eabi/lib/thumb/v7e-m+fp/hard/libc_nano.a(lib_a-memmove.o)
 .ARM.attributes
                0x0000000000000a30       0x34 /opt/gcc-arm-none-eabi-10.3-2021.10/arm-none-eabi/lib/thumb/v7e-m+fp/hard/libc_nano.a(lib_a-mlock.o)
 .ARM.attributes
                0x0000000000000a64       0x34 /opt/gcc-arm-none-eabi-10.3-2021.10/arm-none-eabi/lib/thumb/v7e-m+fp/hard/libc_nano.a(lib_a-nano-reallocr.o)
 .ARM.attributes
                0x0000000000000a98       0x34 /opt/gcc-arm-none-eabi-10.3-2021.10/arm-none-eabi/lib/thumb/v7e-m+fp/hard/libc_nano.a(lib_a-readr.o)
 .ARM.attributes
                0x0000000000000acc       0x34 /opt/gcc-arm-none-eabi-10.3-2021.10/arm-none-eabi/lib/thumb/v7e-m+fp/hard/libc_nano.a(lib_a-reent.o)
 .ARM.attributes
                0x0000000000000b00       0x34 /opt/gcc-arm-none-eabi-10.3-2021.10/arm-none-eabi/lib/thumb/v7e-m+fp/hard/libc_nano.a(lib_a-abort.o)
 .ARM.attributes
                0x0000000000000b34       0x34 /opt/gcc-arm-none-eabi-10.3-2021.10/arm-none-eabi/lib/thumb/v7e-m+fp/hard/libc_nano.a(lib_a-fstatr.o)
 .ARM.attributes
                0x0000000000000b68       0x34 /opt/gcc-arm-none-eabi-10.3-2021.10/arm-none-eabi/lib/thumb/v7e-m+fp/hard/libc_nano.a(lib_a-isattyr.o)
 .ARM.attributes
                0x0000000000000b9c       0x34 /opt/gcc-arm-none-eabi-10.3-2021.10/arm-none-eabi/lib/thumb/v7e-m+fp/hard/libc_nano.a(lib_a-nano-msizer.o)
 .ARM.attributes
                0x0000000000000bd0       0x34 /opt/gcc-arm-none-eabi-10.3-2021.10/arm-none-eabi/lib/thumb/v7e-m+fp/hard/libc_nano.a(lib_a-signal.o)
 .ARM.attributes
                0x0000000000000c04       0x34 /opt/gcc-arm-none-eabi-10.3-2021.10/arm-none-eabi/lib/thumb/v7e-m+fp/hard/libc_nano.a(lib_a-signalr.o)
 .ARM.attributes
                0x0000000000000c38       0x34 /opt/gcc-arm-none-eabi-10.3-2021.10/arm-none-eabi/lib/thumb/v7e-m+fp/hard/libnosys.a(close.o)
 .ARM.attributes
                0x0000000000000c6c       0x34 /opt/gcc-arm-none-eabi-10.3-2021.10/arm-none-eabi/lib/thumb/v7e-m+fp/hard/libnosys.a(fstat.o)
 .ARM.attributes
                0x0000000000000ca0       0x34 /opt/gcc-arm-none-eabi-10.3-2021.10/arm-none-eabi/lib/thumb/v7e-m+fp/hard/libnosys.a(getpid.o)
 .ARM.attributes
                0x0000000000000cd4       0x34 /opt/gcc-arm-none-eabi-10.3-2021.10/arm-none-eabi/lib/thumb/v7e-m+fp/hard/libnosys.a(isatty.o)
 .ARM.attributes
                0x0000000000000d08       0x34 /opt/gcc-arm-none-eabi-10.3-2021.10/arm-none-eabi/lib/thumb/v7e-m+fp/hard/libnosys.a(kill.o)
 .ARM.attributes
                0x0000000000000d3c       0x34 /opt/gcc-arm-none-eabi-10.3-2021.10/arm-none-eabi/lib/thumb/v7e-m+fp/hard/libnosys.a(lseek.o)
 .ARM.attributes
                0x0000000000000d70       0x34 /opt/gcc-arm-none-eabi-10.3-2021.10/arm-none-eabi/lib/thumb/v7e-m+fp/hard/libnosys.a(sbrk.o)
 .ARM.attributes
                0x0000000000000da4       0x34 /opt/gcc-arm-none-eabi-10.3-2021.10/arm-none-eabi/lib/thumb/v7e-m+fp/hard/libnosys.a(_exit.o)
 .ARM.attributes
                0x0000000000000dd8       0x1e /opt/gcc-arm-none-eabi-10.3-2021.10/bin/../lib/gcc/arm-none-eabi/10.3.1/thumb/v7e-m+fp/hard/libgcc.a(_arm_addsubdf3.o)
 .ARM.attributes
                0x0000000000000df6       0x1e /opt/gcc-arm-none-eabi-10.3-2021.10/bin/../lib/gcc/arm-none-eabi/10.3.1/thumb/v7e-m+fp/hard/libgcc.a(_arm_muldivdf3.o)
 .ARM.attributes
                0x0000000000000e14       0x1e /opt/gcc-arm-none-eabi-10.3-2021.10/bin/../lib/gcc/arm-none-eabi/10.3.1/thumb/v7e-m+fp/hard/libgcc.a(_arm_cmpdf2.o)
 .ARM.attributes
                0x0000000000000e32       0x1e /opt/gcc-arm-none-eabi-10.3-2021.10/bin/../lib/gcc/arm-none-eabi/10.3.1/thumb/v7e-m+fp/hard/libgcc.a(_arm_unorddf2.o)
 .ARM.attributes
                0x0000000000000e50       0x1e /opt/gcc-arm-none-eabi-10.3-2021.10/bin/../lib/gcc/arm-none-eabi/10.3.1/thumb/v7e-m+fp/hard/libgcc.a(_arm_fixdfsi.o)
 .ARM.attributes
                0x0000000000000e6e       0x1e /opt/gcc-arm-none-eabi-10.3-2021.10/bin/../lib/gcc/arm-none-eabi/10.3.1/thumb/v7e-m+fp/hard/libgcc.a(_arm_fixunsdfsi.o)
 .ARM.attributes
                0x0000000000000e8c       0x1e /opt/gcc-arm-none-eabi-10.3-2021.10/bin/../lib/gcc/arm-none-eabi/10.3.1/thumb/v7e-m+fp/hard/libgcc.a(_arm_truncdfsf2.o)
 .ARM.attributes
                0x0000000000000eaa       0x34 /opt/gcc-arm-none-eabi-10.3-2021.10/bin/../lib/gcc/arm-none-eabi/10.3.1/thumb/v7e-m+fp/hard/libgcc.a(_fixdfdi.o)
 .ARM.attributes
                0x0000000000000ede       0x34 /opt/gcc-arm-none-eabi-10.3-2021.10/bin/../lib/gcc/arm-none-eabi/10.3.1/thumb/v7e-m+fp/hard/libgcc.a(_fixunsdfdi.o)
 .ARM.attributes
                0x0000000000000f12       0x1e /opt/gcc-arm-none-eabi-10.3-2021.10/bin/../lib/gcc/arm-none-eabi/10.3.1/thumb/v7e-m+fp/hard/libgcc.a(_aeabi_uldivmod.o)
 .ARM.attributes
                0x0000000000000f30       0x34 /opt/gcc-arm-none-eabi-10.3-2021.10/bin/../lib/gcc/arm-none-eabi/10.3.1/thumb/v7e-m+fp/hard/libgcc.a(_udivmoddi4.o)
 .ARM.attributes
                0x0000000000000f64       0x1e /opt/gcc-arm-none-eabi-10.3-2021.10/bin/../lib/gcc/arm-none-eabi/10.3.1/thumb/v7e-m+fp/hard/libgcc.a(_dvmd_tls.o)
 .ARM.attributes
                0x0000000000000f82       0x1e /opt/gcc-arm-none-eabi-10.3-2021.10/bin/../lib/gcc/arm-none-eabi/10.3.1/thumb/v7e-m+fp/hard/crtn.o
OUTPUT(/home/tony/workdir/stm32_rtthread_cpp_hal_lib_projector/output/bootloader/STM32H7_BOOT.elf elf32-littlearm)
LOAD linker stubs
LOAD /opt/gcc-arm-none-eabi-10.3-2021.10/arm-none-eabi/lib/thumb/v7e-m+fp/hard/libc.a
LOAD /opt/gcc-arm-none-eabi-10.3-2021.10/arm-none-eabi/lib/thumb/v7e-m+fp/hard/libm.a
LOAD /opt/gcc-arm-none-eabi-10.3-2021.10/bin/../lib/gcc/arm-none-eabi/10.3.1/thumb/v7e-m+fp/hard/libgcc.a

.comment        0x0000000000000000       0x49
 .comment       0x0000000000000000       0x49 /tmp/STM32H7_BOOT.elf.eFsPK8.ltrans0.ltrans.o
                                         0x4a (size before relaxing)

Cross Reference Table

Symbol                                            File
ADC3_IRQHandler                                   /home/tony/workdir/stm32_rtthread_cpp_hal_lib_projector/output/bootloader/startup_stm32h750xx.o
ADC_IRQHandler                                    /home/tony/workdir/stm32_rtthread_cpp_hal_lib_projector/output/bootloader/startup_stm32h750xx.o
BDMA_Channel0_IRQHandler                          /home/tony/workdir/stm32_rtthread_cpp_hal_lib_projector/output/bootloader/startup_stm32h750xx.o
BDMA_Channel1_IRQHandler                          /home/tony/workdir/stm32_rtthread_cpp_hal_lib_projector/output/bootloader/startup_stm32h750xx.o
BDMA_Channel2_IRQHandler                          /home/tony/workdir/stm32_rtthread_cpp_hal_lib_projector/output/bootloader/startup_stm32h750xx.o
BDMA_Channel3_IRQHandler                          /home/tony/workdir/stm32_rtthread_cpp_hal_lib_projector/output/bootloader/startup_stm32h750xx.o
BDMA_Channel4_IRQHandler                          /home/tony/workdir/stm32_rtthread_cpp_hal_lib_projector/output/bootloader/startup_stm32h750xx.o
BDMA_Channel5_IRQHandler                          /home/tony/workdir/stm32_rtthread_cpp_hal_lib_projector/output/bootloader/startup_stm32h750xx.o
BDMA_Channel6_IRQHandler                          /home/tony/workdir/stm32_rtthread_cpp_hal_lib_projector/output/bootloader/startup_stm32h750xx.o
BDMA_Channel7_IRQHandler                          /home/tony/workdir/stm32_rtthread_cpp_hal_lib_projector/output/bootloader/startup_stm32h750xx.o
BusFault_Handler                                  /tmp/STM32H7_BOOT.elf.eFsPK8.ltrans0.ltrans.o
                                                  /home/tony/workdir/stm32_rtthread_cpp_hal_lib_projector/output/bootloader/stm32h7xx_it.o (symbol from plugin)
                                                  /home/tony/workdir/stm32_rtthread_cpp_hal_lib_projector/output/bootloader/startup_stm32h750xx.o
CEC_IRQHandler                                    /home/tony/workdir/stm32_rtthread_cpp_hal_lib_projector/output/bootloader/startup_stm32h750xx.o
COMP1_IRQHandler                                  /home/tony/workdir/stm32_rtthread_cpp_hal_lib_projector/output/bootloader/startup_stm32h750xx.o
CRS_IRQHandler                                    /home/tony/workdir/stm32_rtthread_cpp_hal_lib_projector/output/bootloader/startup_stm32h750xx.o
CRYP_IRQHandler                                   /home/tony/workdir/stm32_rtthread_cpp_hal_lib_projector/output/bootloader/startup_stm32h750xx.o
D1CorePrescTable                                  /home/tony/workdir/stm32_rtthread_cpp_hal_lib_projector/output/bootloader/system_stm32h7xx.o (symbol from plugin)
                                                  /home/tony/workdir/stm32_rtthread_cpp_hal_lib_projector/output/bootloader/stm32h7xx_hal.o (symbol from plugin)
                                                  /home/tony/workdir/stm32_rtthread_cpp_hal_lib_projector/output/bootloader/stm32h7xx_hal_rcc_ex.o (symbol from plugin)
                                                  /home/tony/workdir/stm32_rtthread_cpp_hal_lib_projector/output/bootloader/stm32h7xx_hal_rcc.o (symbol from plugin)
DCMI_IRQHandler                                   /home/tony/workdir/stm32_rtthread_cpp_hal_lib_projector/output/bootloader/startup_stm32h750xx.o
DFSDM1_FLT0_IRQHandler                            /home/tony/workdir/stm32_rtthread_cpp_hal_lib_projector/output/bootloader/startup_stm32h750xx.o
DFSDM1_FLT1_IRQHandler                            /home/tony/workdir/stm32_rtthread_cpp_hal_lib_projector/output/bootloader/startup_stm32h750xx.o
DFSDM1_FLT2_IRQHandler                            /home/tony/workdir/stm32_rtthread_cpp_hal_lib_projector/output/bootloader/startup_stm32h750xx.o
DFSDM1_FLT3_IRQHandler                            /home/tony/workdir/stm32_rtthread_cpp_hal_lib_projector/output/bootloader/startup_stm32h750xx.o
DMA1_Stream0_IRQHandler                           /home/tony/workdir/stm32_rtthread_cpp_hal_lib_projector/output/bootloader/startup_stm32h750xx.o
DMA1_Stream1_IRQHandler                           /home/tony/workdir/stm32_rtthread_cpp_hal_lib_projector/output/bootloader/startup_stm32h750xx.o
DMA1_Stream2_IRQHandler                           /home/tony/workdir/stm32_rtthread_cpp_hal_lib_projector/output/bootloader/startup_stm32h750xx.o
DMA1_Stream3_IRQHandler                           /home/tony/workdir/stm32_rtthread_cpp_hal_lib_projector/output/bootloader/startup_stm32h750xx.o
DMA1_Stream4_IRQHandler                           /home/tony/workdir/stm32_rtthread_cpp_hal_lib_projector/output/bootloader/startup_stm32h750xx.o
DMA1_Stream5_IRQHandler                           /home/tony/workdir/stm32_rtthread_cpp_hal_lib_projector/output/bootloader/startup_stm32h750xx.o
DMA1_Stream6_IRQHandler                           /home/tony/workdir/stm32_rtthread_cpp_hal_lib_projector/output/bootloader/startup_stm32h750xx.o
DMA1_Stream7_IRQHandler                           /home/tony/workdir/stm32_rtthread_cpp_hal_lib_projector/output/bootloader/startup_stm32h750xx.o
DMA2D_IRQHandler                                  /home/tony/workdir/stm32_rtthread_cpp_hal_lib_projector/output/bootloader/startup_stm32h750xx.o
DMA2_Stream0_IRQHandler                           /home/tony/workdir/stm32_rtthread_cpp_hal_lib_projector/output/bootloader/startup_stm32h750xx.o
DMA2_Stream1_IRQHandler                           /home/tony/workdir/stm32_rtthread_cpp_hal_lib_projector/output/bootloader/startup_stm32h750xx.o
DMA2_Stream2_IRQHandler                           /home/tony/workdir/stm32_rtthread_cpp_hal_lib_projector/output/bootloader/startup_stm32h750xx.o
DMA2_Stream3_IRQHandler                           /home/tony/workdir/stm32_rtthread_cpp_hal_lib_projector/output/bootloader/startup_stm32h750xx.o
DMA2_Stream4_IRQHandler                           /home/tony/workdir/stm32_rtthread_cpp_hal_lib_projector/output/bootloader/startup_stm32h750xx.o
DMA2_Stream5_IRQHandler                           /home/tony/workdir/stm32_rtthread_cpp_hal_lib_projector/output/bootloader/startup_stm32h750xx.o
DMA2_Stream6_IRQHandler                           /home/tony/workdir/stm32_rtthread_cpp_hal_lib_projector/output/bootloader/startup_stm32h750xx.o
DMA2_Stream7_IRQHandler                           /home/tony/workdir/stm32_rtthread_cpp_hal_lib_projector/output/bootloader/startup_stm32h750xx.o
DMAMUX1_OVR_IRQHandler                            /home/tony/workdir/stm32_rtthread_cpp_hal_lib_projector/output/bootloader/startup_stm32h750xx.o
DMAMUX2_OVR_IRQHandler                            /home/tony/workdir/stm32_rtthread_cpp_hal_lib_projector/output/bootloader/startup_stm32h750xx.o
DebugMon_Handler                                  /tmp/STM32H7_BOOT.elf.eFsPK8.ltrans0.ltrans.o
                                                  /home/tony/workdir/stm32_rtthread_cpp_hal_lib_projector/output/bootloader/stm32h7xx_it.o (symbol from plugin)
                                                  /home/tony/workdir/stm32_rtthread_cpp_hal_lib_projector/output/bootloader/startup_stm32h750xx.o
Default_Handler                                   /home/tony/workdir/stm32_rtthread_cpp_hal_lib_projector/output/bootloader/startup_stm32h750xx.o
DelayBlock_Configure                              /home/tony/workdir/stm32_rtthread_cpp_hal_lib_projector/output/bootloader/stm32h7xx_ll_delayblock.o (symbol from plugin)